&&&& RUNNING TensorRT.trtexec [TensorRT v100300] # trtexec --onnx=onnx/resnet50_fp32.onnx --int8 --fp16 --useDLACore=0 --allowGPUFallback --saveEngine=engines/rn50_dla_int8.plan --warmUp=2000 --duration=10 --iterations=200
[08/20/2026-18:35:08] [I] === Model Options ===
[08/20/2026-18:35:08] [I] Format: ONNX
[08/20/2026-18:35:08] [I] Model: onnx/resnet50_fp32.onnx
[08/20/2026-18:35:08] [I] Output:
[08/20/2026-18:35:08] [I] === Build Options ===
[08/20/2026-18:35:08] [I] Memory Pools: workspace: default, dlaSRAM: default, dlaLocalDRAM: default, dlaGlobalDRAM: default, tacticSharedMem: default
[08/20/2026-18:35:08] [I] avgTiming: 8
[08/20/2026-18:35:08] [I] Precision: FP32+FP16+INT8
[08/20/2026-18:35:08] [I] LayerPrecisions: 
[08/20/2026-18:35:08] [I] Layer Device Types: 
[08/20/2026-18:35:08] [I] Calibration: Dynamic
[08/20/2026-18:35:08] [I] Refit: Disabled
[08/20/2026-18:35:08] [I] Strip weights: Disabled
[08/20/2026-18:35:08] [I] Version Compatible: Disabled
[08/20/2026-18:35:08] [I] ONNX Plugin InstanceNorm: Disabled
[08/20/2026-18:35:08] [I] TensorRT runtime: full
[08/20/2026-18:35:08] [I] Lean DLL Path: 
[08/20/2026-18:35:08] [I] Tempfile Controls: { in_memory: allow, temporary: allow }
[08/20/2026-18:35:08] [I] Exclude Lean Runtime: Disabled
[08/20/2026-18:35:08] [I] Sparsity: Disabled
[08/20/2026-18:35:08] [I] Safe mode: Disabled
[08/20/2026-18:35:08] [I] Build DLA standalone loadable: Disabled
[08/20/2026-18:35:08] [I] Allow GPU fallback for DLA: Enabled
[08/20/2026-18:35:08] [I] DirectIO mode: Disabled
[08/20/2026-18:35:08] [I] Restricted mode: Disabled
[08/20/2026-18:35:08] [I] Skip inference: Disabled
[08/20/2026-18:35:08] [I] Save engine: engines/rn50_dla_int8.plan
[08/20/2026-18:35:08] [I] Load engine: 
[08/20/2026-18:35:08] [I] Profiling verbosity: 0
[08/20/2026-18:35:08] [I] Tactic sources: Using default tactic sources
[08/20/2026-18:35:08] [I] timingCacheMode: local
[08/20/2026-18:35:08] [I] timingCacheFile: 
[08/20/2026-18:35:08] [I] Enable Compilation Cache: Enabled
[08/20/2026-18:35:08] [I] errorOnTimingCacheMiss: Disabled
[08/20/2026-18:35:08] [I] Preview Features: Use default preview flags.
[08/20/2026-18:35:08] [I] MaxAuxStreams: -1
[08/20/2026-18:35:08] [I] BuilderOptimizationLevel: -1
[08/20/2026-18:35:08] [I] Calibration Profile Index: 0
[08/20/2026-18:35:08] [I] Weight Streaming: Disabled
[08/20/2026-18:35:08] [I] Runtime Platform: Same As Build
[08/20/2026-18:35:08] [I] Debug Tensors: 
[08/20/2026-18:35:08] [I] Input(s)s format: fp32:CHW
[08/20/2026-18:35:08] [I] Output(s)s format: fp32:CHW
[08/20/2026-18:35:08] [I] Input build shapes: model
[08/20/2026-18:35:08] [I] Input calibration shapes: model
[08/20/2026-18:35:08] [I] === System Options ===
[08/20/2026-18:35:08] [I] Device: 0
[08/20/2026-18:35:08] [I] DLACore: 0
[08/20/2026-18:35:08] [I] Plugins:
[08/20/2026-18:35:08] [I] setPluginsToSerialize:
[08/20/2026-18:35:08] [I] dynamicPlugins:
[08/20/2026-18:35:08] [I] ignoreParsedPluginLibs: 0
[08/20/2026-18:35:08] [I] 
[08/20/2026-18:35:08] [I] === Inference Options ===
[08/20/2026-18:35:08] [I] Batch: Explicit
[08/20/2026-18:35:08] [I] Input inference shapes: model
[08/20/2026-18:35:08] [I] Iterations: 200
[08/20/2026-18:35:08] [I] Duration: 10s (+ 2000ms warm up)
[08/20/2026-18:35:08] [I] Sleep time: 0ms
[08/20/2026-18:35:08] [I] Idle time: 0ms
[08/20/2026-18:35:08] [I] Inference Streams: 1
[08/20/2026-18:35:08] [I] ExposeDMA: Disabled
[08/20/2026-18:35:08] [I] Data transfers: Enabled
[08/20/2026-18:35:08] [I] Spin-wait: Disabled
[08/20/2026-18:35:08] [I] Multithreading: Disabled
[08/20/2026-18:35:08] [I] CUDA Graph: Disabled
[08/20/2026-18:35:08] [I] Separate profiling: Disabled
[08/20/2026-18:35:08] [I] Time Deserialize: Disabled
[08/20/2026-18:35:08] [I] Time Refit: Disabled
[08/20/2026-18:35:08] [I] NVTX verbosity: 0
[08/20/2026-18:35:08] [I] Persistent Cache Ratio: 0
[08/20/2026-18:35:08] [I] Optimization Profile Index: 0
[08/20/2026-18:35:08] [I] Weight Streaming Budget: 100.000000%
[08/20/2026-18:35:08] [I] Inputs:
[08/20/2026-18:35:08] [I] Debug Tensor Save Destinations:
[08/20/2026-18:35:08] [I] === Reporting Options ===
[08/20/2026-18:35:08] [I] Verbose: Disabled
[08/20/2026-18:35:08] [I] Averages: 10 inferences
[08/20/2026-18:35:08] [I] Percentiles: 90,95,99
[08/20/2026-18:35:08] [I] Dump refittable layers:Disabled
[08/20/2026-18:35:08] [I] Dump output: Disabled
[08/20/2026-18:35:08] [I] Profile: Disabled
[08/20/2026-18:35:08] [I] Export timing to JSON file: 
[08/20/2026-18:35:08] [I] Export output to JSON file: 
[08/20/2026-18:35:08] [I] Export profile to JSON file: 
[08/20/2026-18:35:08] [I] 
[08/20/2026-18:35:08] [I] === Device Information ===
[08/20/2026-18:35:08] [I] Available Devices: 
[08/20/2026-18:35:08] [I]   Device 0: "Orin" UUID: GPU-d88f5124-b913-5174-bcad-9e3fe191d8a8
[08/20/2026-18:35:08] [I] Selected Device: Orin
[08/20/2026-18:35:08] [I] Selected Device ID: 0
[08/20/2026-18:35:08] [I] Selected Device UUID: GPU-d88f5124-b913-5174-bcad-9e3fe191d8a8
[08/20/2026-18:35:08] [I] Compute Capability: 8.7
[08/20/2026-18:35:08] [I] SMs: 16
[08/20/2026-18:35:08] [I] Device Global Memory: 62841 MiB
[08/20/2026-18:35:08] [I] Shared Memory per SM: 164 KiB
[08/20/2026-18:35:08] [I] Memory Bus Width: 256 bits (ECC disabled)
[08/20/2026-18:35:08] [I] Application Compute Clock Rate: 1.3 GHz
[08/20/2026-18:35:08] [I] Application Memory Clock Rate: 1.3 GHz
[08/20/2026-18:35:08] [I] 
[08/20/2026-18:35:08] [I] Note: The application clock rates do not reflect the actual clock rates that the GPU is currently running at.
[08/20/2026-18:35:08] [I] 
[08/20/2026-18:35:08] [I] TensorRT version: 10.3.0
[08/20/2026-18:35:08] [I] Loading standard plugins
[08/20/2026-18:35:08] [I] [TRT] [MemUsageChange] Init CUDA: CPU +2, GPU +0, now: CPU 31, GPU 4834 (MiB)
[08/20/2026-18:35:10] [I] [TRT] [MemUsageChange] Init builder kernel library: CPU +928, GPU +751, now: CPU 1002, GPU 5630 (MiB)
[08/20/2026-18:35:10] [I] Start parsing network model.
[08/20/2026-18:35:10] [I] [TRT] ----------------------------------------------------------------
[08/20/2026-18:35:10] [I] [TRT] Input filename:   onnx/resnet50_fp32.onnx
[08/20/2026-18:35:10] [I] [TRT] ONNX IR version:  0.0.8
[08/20/2026-18:35:10] [I] [TRT] Opset version:    17
[08/20/2026-18:35:10] [I] [TRT] Producer name:    pytorch
[08/20/2026-18:35:10] [I] [TRT] Producer version: 2.11.0
[08/20/2026-18:35:10] [I] [TRT] Domain:           
[08/20/2026-18:35:10] [I] [TRT] Model version:    0
[08/20/2026-18:35:10] [I] [TRT] Doc string:       
[08/20/2026-18:35:10] [I] [TRT] ----------------------------------------------------------------
[08/20/2026-18:35:10] [I] Finished parsing network model. Parse time: 0.0724371
[08/20/2026-18:35:10] [W] [TRT] /avgpool/GlobalAveragePool: DLA cores do not support AVG Reduce operation.
[08/20/2026-18:35:10] [W] [TRT] Layer '/avgpool/GlobalAveragePool' (REDUCE): Unsupported on DLA. Switching this layer's device type to GPU.
[08/20/2026-18:35:10] [W] [TRT] Layer '/Flatten' (SHUFFLE): Unsupported on DLA. Switching this layer's device type to GPU.
[08/20/2026-18:35:10] [W] [TRT] Layer 'fc.weight' (CONSTANT): Unsupported on DLA. Switching this layer's device type to GPU.
[08/20/2026-18:35:10] [W] [TRT] Layer 'fc.bias' (CONSTANT): Unsupported on DLA. Switching this layer's device type to GPU.
[08/20/2026-18:35:10] [W] [TRT] Layer 'ONNXTRT_Broadcast' (SHUFFLE): Unsupported on DLA. Switching this layer's device type to GPU.
[08/20/2026-18:35:10] [W] [TRT] Calibrator is not being used. Users must provide dynamic range for all tensors that are not Int32 or Bool.
[08/20/2026-18:35:16] [I] [TRT] Local timing cache in use. Profiling results in this builder pass will not be stored.
[08/20/2026-18:35:23] [I] [TRT] Detected 1 inputs and 1 output network tensors.
[08/20/2026-18:35:24] [I] [TRT] Total Host Persistent Memory: 4336
[08/20/2026-18:35:24] [I] [TRT] Total Device Persistent Memory: 0
[08/20/2026-18:35:24] [I] [TRT] Total Scratch Memory: 8704
[08/20/2026-18:35:24] [I] [TRT] [BlockAssignment] Started assigning block shifts. This will take 6 steps to complete.
[08/20/2026-18:35:24] [I] [TRT] [BlockAssignment] Algorithm ShiftNTopDown took 0.030909ms to assign 3 blocks to 6 nodes requiring 303104 bytes.
[08/20/2026-18:35:24] [I] [TRT] Total Activation Memory: 303104
[08/20/2026-18:35:24] [I] [TRT] Total Weights Memory: 52740
[08/20/2026-18:35:24] [I] [TRT] Engine generation completed in 7.51198 seconds.
[08/20/2026-18:35:24] [I] [TRT] [MemUsageStats] Peak memory usage of TRT CPU/GPU memory allocators: CPU 24 MiB, GPU 6 MiB
[08/20/2026-18:35:24] [I] [TRT] [MemUsageStats] Peak memory usage during Engine building and serialization: CPU: 1719 MiB
[08/20/2026-18:35:24] [I] Engine built in 13.7494 sec.
[08/20/2026-18:35:24] [I] Created engine with size: 24.7653 MiB
[08/20/2026-18:35:24] [I] [TRT] Loaded engine size: 24 MiB
[08/20/2026-18:35:24] [I] Engine deserialized in 0.0183944 sec.
[08/20/2026-18:35:24] [I] [TRT] [MemUsageChange] TensorRT-managed allocation in IExecutionContext creation: CPU +0, GPU +0, now: CPU 24, GPU 0 (MiB)
[08/20/2026-18:35:24] [I] Setting persistentCacheLimit to 0 bytes.
[08/20/2026-18:35:24] [I] Created execution context with device memory size: 0.289062 MiB
[08/20/2026-18:35:24] [I] Using random values for input input
[08/20/2026-18:35:24] [I] Input binding for input with dimensions 1x3x224x224 is created.
[08/20/2026-18:35:24] [I] Output binding for logits with dimensions 1x1000 is created.
[08/20/2026-18:35:24] [I] Starting inference
[08/20/2026-18:35:36] [I] Warmup completed 1558 queries over 2000 ms
[08/20/2026-18:35:36] [I] Timing trace has 7791 queries over 10.0044 s
[08/20/2026-18:35:36] [I] 
[08/20/2026-18:35:36] [I] === Trace details ===
[08/20/2026-18:35:36] [I] Trace averages of 10 runs:
[08/20/2026-18:35:36] [I] Average on 10 runs - GPU latency: 1.2786 ms - Host latency: 1.38392 ms (enqueue 0.563611 ms)
[08/20/2026-18:35:36] [I] Average on 10 runs - GPU latency: 1.27898 ms - Host latency: 1.38491 ms (enqueue 0.564087 ms)
[08/20/2026-18:35:36] [I] Average on 10 runs - GPU latency: 1.28083 ms - Host latency: 1.38748 ms (enqueue 0.551807 ms)
[08/20/2026-18:35:36] [I] Average on 10 runs - GPU latency: 1.27827 ms - Host latency: 1.385 ms (enqueue 0.555689 ms)
[08/20/2026-18:35:36] [I] Average on 10 runs - GPU latency: 1.27827 ms - Host latency: 1.38271 ms (enqueue 0.577539 ms)
[08/20/2026-18:35:36] [I] Average on 10 runs - GPU latency: 1.28049 ms - Host latency: 1.38674 ms (enqueue 0.566284 ms)
[08/20/2026-18:35:36] [I] Average on 10 runs - GPU latency: 1.28193 ms - Host latency: 1.38879 ms (enqueue 0.553589 ms)
[08/20/2026-18:35:36] [I] Average on 10 runs - GPU latency: 1.27952 ms - Host latency: 1.38726 ms (enqueue 0.580103 ms)
[08/20/2026-18:35:36] [I] Average on 10 runs - GPU latency: 1.27778 ms - Host latency: 1.38467 ms (enqueue 0.564868 ms)
[08/20/2026-18:35:36] [I] Average on 10 runs - GPU latency: 1.27771 ms - Host latency: 1.3822 ms (enqueue 0.56228 ms)
[08/20/2026-18:35:36] [I] Average on 10 runs - GPU latency: 1.27808 ms - Host latency: 1.38782 ms (enqueue 0.577368 ms)
[08/20/2026-18:35:36] [I] Average on 10 runs - GPU latency: 1.279 ms - Host latency: 1.38606 ms (enqueue 0.563721 ms)
[08/20/2026-18:35:36] [I] Average on 10 runs - GPU latency: 1.27917 ms - Host latency: 1.38616 ms (enqueue 0.565894 ms)
[08/20/2026-18:35:36] [I] Average on 10 runs - GPU latency: 1.27856 ms - Host latency: 1.3853 ms (enqueue 0.566602 ms)
[08/20/2026-18:35:36] [I] Average on 10 runs - GPU latency: 1.27712 ms - Host latency: 1.38391 ms (enqueue 0.559961 ms)
[08/20/2026-18:35:36] [I] Average on 10 runs - GPU latency: 1.27981 ms - Host latency: 1.38503 ms (enqueue 0.567798 ms)
[08/20/2026-18:35:36] [I] Average on 10 runs - GPU latency: 1.27881 ms - Host latency: 1.38591 ms (enqueue 0.56145 ms)
[08/20/2026-18:35:36] [I] Average on 10 runs - GPU latency: 1.27888 ms - Host latency: 1.38665 ms (enqueue 0.565015 ms)
[08/20/2026-18:35:36] [I] Average on 10 runs - GPU latency: 1.27839 ms - Host latency: 1.38518 ms (enqueue 0.559106 ms)
[08/20/2026-18:35:36] [I] Average on 10 runs - GPU latency: 1.27981 ms - Host latency: 1.38677 ms (enqueue 0.557544 ms)
[08/20/2026-18:35:36] [I] Average on 10 runs - GPU latency: 1.27942 ms - Host latency: 1.38608 ms (enqueue 0.558179 ms)
[08/20/2026-18:35:36] [I] Average on 10 runs - GPU latency: 1.2783 ms - Host latency: 1.38625 ms (enqueue 0.564185 ms)
[08/20/2026-18:35:36] [I] Average on 10 runs - GPU latency: 1.27769 ms - Host latency: 1.38499 ms (enqueue 0.561475 ms)
[08/20/2026-18:35:36] [I] Average on 10 runs - GPU latency: 1.27854 ms - Host latency: 1.38774 ms (enqueue 0.573779 ms)
[08/20/2026-18:35:36] [I] Average on 10 runs - GPU latency: 1.27749 ms - Host latency: 1.38315 ms (enqueue 0.553174 ms)
[08/20/2026-18:35:36] [I] Average on 10 runs - GPU latency: 1.27783 ms - Host latency: 1.3843 ms (enqueue 0.553931 ms)
[08/20/2026-18:35:36] [I] Average on 10 runs - GPU latency: 1.27983 ms - Host latency: 1.38594 ms (enqueue 0.560498 ms)
[08/20/2026-18:35:36] [I] Average on 10 runs - GPU latency: 1.27856 ms - Host latency: 1.38503 ms (enqueue 0.557104 ms)
[08/20/2026-18:35:36] [I] Average on 10 runs - GPU latency: 1.27898 ms - Host latency: 1.38245 ms (enqueue 0.562671 ms)
[08/20/2026-18:35:36] [I] Average on 10 runs - GPU latency: 1.27856 ms - Host latency: 1.38582 ms (enqueue 0.561035 ms)
[08/20/2026-18:35:36] [I] Average on 10 runs - GPU latency: 1.27893 ms - Host latency: 1.38506 ms (enqueue 0.55188 ms)
[08/20/2026-18:35:36] [I] Average on 10 runs - GPU latency: 1.27915 ms - Host latency: 1.38533 ms (enqueue 0.555566 ms)
[08/20/2026-18:35:36] [I] Average on 10 runs - GPU latency: 1.27966 ms - Host latency: 1.38433 ms (enqueue 0.56311 ms)
[08/20/2026-18:35:36] [I] Average on 10 runs - GPU latency: 1.2771 ms - Host latency: 1.38479 ms (enqueue 0.552759 ms)
[08/20/2026-18:35:36] [I] Average on 10 runs - GPU latency: 1.27786 ms - Host latency: 1.38433 ms (enqueue 0.560913 ms)
[08/20/2026-18:35:36] [I] Average on 10 runs - GPU latency: 1.27976 ms - Host latency: 1.38657 ms (enqueue 0.55542 ms)
[08/20/2026-18:35:36] [I] Average on 10 runs - GPU latency: 1.27739 ms - Host latency: 1.3833 ms (enqueue 0.555518 ms)
[08/20/2026-18:35:36] [I] Average on 10 runs - GPU latency: 1.27766 ms - Host latency: 1.38345 ms (enqueue 0.56416 ms)
[08/20/2026-18:35:36] [I] Average on 10 runs - GPU latency: 1.28027 ms - Host latency: 1.38662 ms (enqueue 0.545532 ms)
[08/20/2026-18:35:36] [I] Average on 10 runs - GPU latency: 1.27903 ms - Host latency: 1.38809 ms (enqueue 0.560596 ms)
[08/20/2026-18:35:36] [I] Average on 10 runs - GPU latency: 1.27935 ms - Host latency: 1.38469 ms (enqueue 0.568701 ms)
[08/20/2026-18:35:36] [I] Average on 10 runs - GPU latency: 1.27722 ms - Host latency: 1.38452 ms (enqueue 0.557544 ms)
[08/20/2026-18:35:36] [I] Average on 10 runs - GPU latency: 1.27908 ms - Host latency: 1.39136 ms (enqueue 0.568042 ms)
[08/20/2026-18:35:36] [I] Average on 10 runs - GPU latency: 1.27986 ms - Host latency: 1.38765 ms (enqueue 0.563135 ms)
[08/20/2026-18:35:36] [I] Average on 10 runs - GPU latency: 1.27708 ms - Host latency: 1.38303 ms (enqueue 0.560205 ms)
[08/20/2026-18:35:36] [I] Average on 10 runs - GPU latency: 1.27764 ms - Host latency: 1.38279 ms (enqueue 0.573022 ms)
[08/20/2026-18:35:36] [I] Average on 10 runs - GPU latency: 1.27898 ms - Host latency: 1.38579 ms (enqueue 0.551221 ms)
[08/20/2026-18:35:36] [I] Average on 10 runs - GPU latency: 1.27761 ms - Host latency: 1.38472 ms (enqueue 0.585425 ms)
[08/20/2026-18:35:36] [I] Average on 10 runs - GPU latency: 1.27878 ms - Host latency: 1.38594 ms (enqueue 0.58523 ms)
[08/20/2026-18:35:36] [I] Average on 10 runs - GPU latency: 1.2769 ms - Host latency: 1.38354 ms (enqueue 0.563232 ms)
[08/20/2026-18:35:36] [I] Average on 10 runs - GPU latency: 1.27771 ms - Host latency: 1.38521 ms (enqueue 0.567505 ms)
[08/20/2026-18:35:36] [I] Average on 10 runs - GPU latency: 1.28103 ms - Host latency: 1.38787 ms (enqueue 0.562036 ms)
[08/20/2026-18:35:36] [I] Average on 10 runs - GPU latency: 1.27881 ms - Host latency: 1.38616 ms (enqueue 0.582422 ms)
[08/20/2026-18:35:36] [I] Average on 10 runs - GPU latency: 1.27927 ms - Host latency: 1.38645 ms (enqueue 0.575708 ms)
[08/20/2026-18:35:36] [I] Average on 10 runs - GPU latency: 1.27881 ms - Host latency: 1.38687 ms (enqueue 0.563745 ms)
[08/20/2026-18:35:36] [I] Average on 10 runs - GPU latency: 1.27864 ms - Host latency: 1.38369 ms (enqueue 0.553442 ms)
[08/20/2026-18:35:36] [I] Average on 10 runs - GPU latency: 1.27964 ms - Host latency: 1.38628 ms (enqueue 0.562817 ms)
[08/20/2026-18:35:36] [I] Average on 10 runs - GPU latency: 1.27766 ms - Host latency: 1.38157 ms (enqueue 0.550171 ms)
[08/20/2026-18:35:36] [I] Average on 10 runs - GPU latency: 1.2772 ms - Host latency: 1.38708 ms (enqueue 0.560303 ms)
[08/20/2026-18:35:36] [I] Average on 10 runs - GPU latency: 1.27925 ms - Host latency: 1.38557 ms (enqueue 0.557373 ms)
[08/20/2026-18:35:36] [I] Average on 10 runs - GPU latency: 1.27854 ms - Host latency: 1.38572 ms (enqueue 0.559839 ms)
[08/20/2026-18:35:36] [I] Average on 10 runs - GPU latency: 1.27644 ms - Host latency: 1.38362 ms (enqueue 0.569409 ms)
[08/20/2026-18:35:36] [I] Average on 10 runs - GPU latency: 1.28076 ms - Host latency: 1.39006 ms (enqueue 0.562183 ms)
[08/20/2026-18:35:36] [I] Average on 10 runs - GPU latency: 1.27888 ms - Host latency: 1.38618 ms (enqueue 0.559326 ms)
[08/20/2026-18:35:36] [I] Average on 10 runs - GPU latency: 1.27839 ms - Host latency: 1.38464 ms (enqueue 0.559839 ms)
[08/20/2026-18:35:36] [I] Average on 10 runs - GPU latency: 1.27625 ms - Host latency: 1.38127 ms (enqueue 0.558081 ms)
[08/20/2026-18:35:36] [I] Average on 10 runs - GPU latency: 1.27986 ms - Host latency: 1.38665 ms (enqueue 0.562842 ms)
[08/20/2026-18:35:36] [I] Average on 10 runs - GPU latency: 1.27788 ms - Host latency: 1.38494 ms (enqueue 0.557349 ms)
[08/20/2026-18:35:36] [I] Average on 10 runs - GPU latency: 1.27756 ms - Host latency: 1.38567 ms (enqueue 0.553174 ms)
[08/20/2026-18:35:36] [I] Average on 10 runs - GPU latency: 1.27773 ms - Host latency: 1.38547 ms (enqueue 0.562329 ms)
[08/20/2026-18:35:36] [I] Average on 10 runs - GPU latency: 1.27795 ms - Host latency: 1.38542 ms (enqueue 0.558423 ms)
[08/20/2026-18:35:36] [I] Average on 10 runs - GPU latency: 1.28005 ms - Host latency: 1.38574 ms (enqueue 0.5573 ms)
[08/20/2026-18:35:36] [I] Average on 10 runs - GPU latency: 1.27637 ms - Host latency: 1.3834 ms (enqueue 0.564941 ms)
[08/20/2026-18:35:36] [I] Average on 10 runs - GPU latency: 1.28047 ms - Host latency: 1.38984 ms (enqueue 0.559424 ms)
[08/20/2026-18:35:36] [I] Average on 10 runs - GPU latency: 1.27686 ms - Host latency: 1.38677 ms (enqueue 0.573389 ms)
[08/20/2026-18:35:36] [I] Average on 10 runs - GPU latency: 1.27969 ms - Host latency: 1.38708 ms (enqueue 0.574609 ms)
[08/20/2026-18:35:36] [I] Average on 10 runs - GPU latency: 1.279 ms - Host latency: 1.3876 ms (enqueue 0.557642 ms)
[08/20/2026-18:35:36] [I] Average on 10 runs - GPU latency: 1.27803 ms - Host latency: 1.3876 ms (enqueue 0.569849 ms)
[08/20/2026-18:35:36] [I] Average on 10 runs - GPU latency: 1.27927 ms - Host latency: 1.38733 ms (enqueue 0.561597 ms)
[08/20/2026-18:35:36] [I] Average on 10 runs - GPU latency: 1.27961 ms - Host latency: 1.38625 ms (enqueue 0.56167 ms)
[08/20/2026-18:35:36] [I] Average on 10 runs - GPU latency: 1.27957 ms - Host latency: 1.3876 ms (enqueue 0.576685 ms)
[08/20/2026-18:35:36] [I] Average on 10 runs - GPU latency: 1.27998 ms - Host latency: 1.38906 ms (enqueue 0.552539 ms)
[08/20/2026-18:35:36] [I] Average on 10 runs - GPU latency: 1.27942 ms - Host latency: 1.38562 ms (enqueue 0.570386 ms)
[08/20/2026-18:35:36] [I] Average on 10 runs - GPU latency: 1.27949 ms - Host latency: 1.38799 ms (enqueue 0.556372 ms)
[08/20/2026-18:35:36] [I] Average on 10 runs - GPU latency: 1.28015 ms - Host latency: 1.38835 ms (enqueue 0.5646 ms)
[08/20/2026-18:35:36] [I] Average on 10 runs - GPU latency: 1.27756 ms - Host latency: 1.3854 ms (enqueue 0.564868 ms)
[08/20/2026-18:35:36] [I] Average on 10 runs - GPU latency: 1.27886 ms - Host latency: 1.38386 ms (enqueue 0.564233 ms)
[08/20/2026-18:35:36] [I] Average on 10 runs - GPU latency: 1.27986 ms - Host latency: 1.38665 ms (enqueue 0.5573 ms)
[08/20/2026-18:35:36] [I] Average on 10 runs - GPU latency: 1.27725 ms - Host latency: 1.38357 ms (enqueue 0.558691 ms)
[08/20/2026-18:35:36] [I] Average on 10 runs - GPU latency: 1.27847 ms - Host latency: 1.38757 ms (enqueue 0.565479 ms)
[08/20/2026-18:35:36] [I] Average on 10 runs - GPU latency: 1.27813 ms - Host latency: 1.38518 ms (enqueue 0.572217 ms)
[08/20/2026-18:35:36] [I] Average on 10 runs - GPU latency: 1.28064 ms - Host latency: 1.38718 ms (enqueue 0.58374 ms)
[08/20/2026-18:35:36] [I] Average on 10 runs - GPU latency: 1.27644 ms - Host latency: 1.38442 ms (enqueue 0.560547 ms)
[08/20/2026-18:35:36] [I] Average on 10 runs - GPU latency: 1.27961 ms - Host latency: 1.38728 ms (enqueue 0.563184 ms)
[08/20/2026-18:35:36] [I] Average on 10 runs - GPU latency: 1.27827 ms - Host latency: 1.38333 ms (enqueue 0.560498 ms)
[08/20/2026-18:35:36] [I] Average on 10 runs - GPU latency: 1.27954 ms - Host latency: 1.38655 ms (enqueue 0.563257 ms)
[08/20/2026-18:35:36] [I] Average on 10 runs - GPU latency: 1.27891 ms - Host latency: 1.38555 ms (enqueue 0.565771 ms)
[08/20/2026-18:35:36] [I] Average on 10 runs - GPU latency: 1.28032 ms - Host latency: 1.38618 ms (enqueue 0.560791 ms)
[08/20/2026-18:35:36] [I] Average on 10 runs - GPU latency: 1.2793 ms - Host latency: 1.38809 ms (enqueue 0.552515 ms)
[08/20/2026-18:35:36] [I] Average on 10 runs - GPU latency: 1.27861 ms - Host latency: 1.38643 ms (enqueue 0.563525 ms)
[08/20/2026-18:35:36] [I] Average on 10 runs - GPU latency: 1.27957 ms - Host latency: 1.38879 ms (enqueue 0.560522 ms)
[08/20/2026-18:35:36] [I] Average on 10 runs - GPU latency: 1.27866 ms - Host latency: 1.38674 ms (enqueue 0.566846 ms)
[08/20/2026-18:35:36] [I] Average on 10 runs - GPU latency: 1.27722 ms - Host latency: 1.38442 ms (enqueue 0.559058 ms)
[08/20/2026-18:35:36] [I] Average on 10 runs - GPU latency: 1.27793 ms - Host latency: 1.38362 ms (enqueue 0.547412 ms)
[08/20/2026-18:35:36] [I] Average on 10 runs - GPU latency: 1.27849 ms - Host latency: 1.3853 ms (enqueue 0.57207 ms)
[08/20/2026-18:35:36] [I] Average on 10 runs - GPU latency: 1.28005 ms - Host latency: 1.38689 ms (enqueue 0.561841 ms)
[08/20/2026-18:35:36] [I] Average on 10 runs - GPU latency: 1.27607 ms - Host latency: 1.38428 ms (enqueue 0.552637 ms)
[08/20/2026-18:35:36] [I] Average on 10 runs - GPU latency: 1.27642 ms - Host latency: 1.3833 ms (enqueue 0.562988 ms)
[08/20/2026-18:35:36] [I] Average on 10 runs - GPU latency: 1.27605 ms - Host latency: 1.38166 ms (enqueue 0.545752 ms)
[08/20/2026-18:35:36] [I] Average on 10 runs - GPU latency: 1.27749 ms - Host latency: 1.3853 ms (enqueue 0.559839 ms)
[08/20/2026-18:35:36] [I] Average on 10 runs - GPU latency: 1.27991 ms - Host latency: 1.38845 ms (enqueue 0.562036 ms)
[08/20/2026-18:35:36] [I] Average on 10 runs - GPU latency: 1.27749 ms - Host latency: 1.38411 ms (enqueue 0.553931 ms)
[08/20/2026-18:35:36] [I] Average on 10 runs - GPU latency: 1.27795 ms - Host latency: 1.38591 ms (enqueue 0.582056 ms)
[08/20/2026-18:35:36] [I] Average on 10 runs - GPU latency: 1.27935 ms - Host latency: 1.38606 ms (enqueue 0.555225 ms)
[08/20/2026-18:35:36] [I] Average on 10 runs - GPU latency: 1.2782 ms - Host latency: 1.38696 ms (enqueue 0.55769 ms)
[08/20/2026-18:35:36] [I] Average on 10 runs - GPU latency: 1.27988 ms - Host latency: 1.38586 ms (enqueue 0.559302 ms)
[08/20/2026-18:35:36] [I] Average on 10 runs - GPU latency: 1.27915 ms - Host latency: 1.38591 ms (enqueue 0.560181 ms)
[08/20/2026-18:35:36] [I] Average on 10 runs - GPU latency: 1.27827 ms - Host latency: 1.38616 ms (enqueue 0.550342 ms)
[08/20/2026-18:35:36] [I] Average on 10 runs - GPU latency: 1.27935 ms - Host latency: 1.38447 ms (enqueue 0.574585 ms)
[08/20/2026-18:35:36] [I] Average on 10 runs - GPU latency: 1.27756 ms - Host latency: 1.38408 ms (enqueue 0.548145 ms)
[08/20/2026-18:35:36] [I] Average on 10 runs - GPU latency: 1.2801 ms - Host latency: 1.38545 ms (enqueue 0.562891 ms)
[08/20/2026-18:35:36] [I] Average on 10 runs - GPU latency: 1.27969 ms - Host latency: 1.38757 ms (enqueue 0.555542 ms)
[08/20/2026-18:35:36] [I] Average on 10 runs - GPU latency: 1.27827 ms - Host latency: 1.3856 ms (enqueue 0.555762 ms)
[08/20/2026-18:35:36] [I] Average on 10 runs - GPU latency: 1.28062 ms - Host latency: 1.38396 ms (enqueue 0.565161 ms)
[08/20/2026-18:35:36] [I] Average on 10 runs - GPU latency: 1.27825 ms - Host latency: 1.38418 ms (enqueue 0.554004 ms)
[08/20/2026-18:35:36] [I] Average on 10 runs - GPU latency: 1.27729 ms - Host latency: 1.38606 ms (enqueue 0.561743 ms)
[08/20/2026-18:35:36] [I] Average on 10 runs - GPU latency: 1.27944 ms - Host latency: 1.38486 ms (enqueue 0.566089 ms)
[08/20/2026-18:35:36] [I] Average on 10 runs - GPU latency: 1.27766 ms - Host latency: 1.38503 ms (enqueue 0.54917 ms)
[08/20/2026-18:35:36] [I] Average on 10 runs - GPU latency: 1.27854 ms - Host latency: 1.38333 ms (enqueue 0.55498 ms)
[08/20/2026-18:35:36] [I] Average on 10 runs - GPU latency: 1.27798 ms - Host latency: 1.38396 ms (enqueue 0.552197 ms)
[08/20/2026-18:35:36] [I] Average on 10 runs - GPU latency: 1.27957 ms - Host latency: 1.38687 ms (enqueue 0.549438 ms)
[08/20/2026-18:35:36] [I] Average on 10 runs - GPU latency: 1.27991 ms - Host latency: 1.3863 ms (enqueue 0.56084 ms)
[08/20/2026-18:35:36] [I] Average on 10 runs - GPU latency: 1.27788 ms - Host latency: 1.38469 ms (enqueue 0.55686 ms)
[08/20/2026-18:35:36] [I] Average on 10 runs - GPU latency: 1.27742 ms - Host latency: 1.38792 ms (enqueue 0.560205 ms)
[08/20/2026-18:35:36] [I] Average on 10 runs - GPU latency: 1.27771 ms - Host latency: 1.3856 ms (enqueue 0.561157 ms)
[08/20/2026-18:35:36] [I] Average on 10 runs - GPU latency: 1.27874 ms - Host latency: 1.38435 ms (enqueue 0.559937 ms)
[08/20/2026-18:35:36] [I] Average on 10 runs - GPU latency: 1.27793 ms - Host latency: 1.38667 ms (enqueue 0.588062 ms)
[08/20/2026-18:35:36] [I] Average on 10 runs - GPU latency: 1.2781 ms - Host latency: 1.38621 ms (enqueue 0.562866 ms)
[08/20/2026-18:35:36] [I] Average on 10 runs - GPU latency: 1.27778 ms - Host latency: 1.38479 ms (enqueue 0.565332 ms)
[08/20/2026-18:35:36] [I] Average on 10 runs - GPU latency: 1.27717 ms - Host latency: 1.38354 ms (enqueue 0.561426 ms)
[08/20/2026-18:35:36] [I] Average on 10 runs - GPU latency: 1.27861 ms - Host latency: 1.38413 ms (enqueue 0.557349 ms)
[08/20/2026-18:35:36] [I] Average on 10 runs - GPU latency: 1.27773 ms - Host latency: 1.38501 ms (enqueue 0.556567 ms)
[08/20/2026-18:35:36] [I] Average on 10 runs - GPU latency: 1.27849 ms - Host latency: 1.38711 ms (enqueue 0.581714 ms)
[08/20/2026-18:35:36] [I] Average on 10 runs - GPU latency: 1.27822 ms - Host latency: 1.38606 ms (enqueue 0.567114 ms)
[08/20/2026-18:35:36] [I] Average on 10 runs - GPU latency: 1.27813 ms - Host latency: 1.3856 ms (enqueue 0.575928 ms)
[08/20/2026-18:35:36] [I] Average on 10 runs - GPU latency: 1.2772 ms - Host latency: 1.38552 ms (enqueue 0.57146 ms)
[08/20/2026-18:35:36] [I] Average on 10 runs - GPU latency: 1.27944 ms - Host latency: 1.38716 ms (enqueue 0.569116 ms)
[08/20/2026-18:35:36] [I] Average on 10 runs - GPU latency: 1.27649 ms - Host latency: 1.3844 ms (enqueue 0.566968 ms)
[08/20/2026-18:35:36] [I] Average on 10 runs - GPU latency: 1.27581 ms - Host latency: 1.38354 ms (enqueue 0.562939 ms)
[08/20/2026-18:35:36] [I] Average on 10 runs - GPU latency: 1.28003 ms - Host latency: 1.38894 ms (enqueue 0.569824 ms)
[08/20/2026-18:35:36] [I] Average on 10 runs - GPU latency: 1.2792 ms - Host latency: 1.38716 ms (enqueue 0.582666 ms)
[08/20/2026-18:35:36] [I] Average on 10 runs - GPU latency: 1.28157 ms - Host latency: 1.39026 ms (enqueue 0.551318 ms)
[08/20/2026-18:35:36] [I] Average on 10 runs - GPU latency: 1.27778 ms - Host latency: 1.38455 ms (enqueue 0.559814 ms)
[08/20/2026-18:35:36] [I] Average on 10 runs - GPU latency: 1.27749 ms - Host latency: 1.38533 ms (enqueue 0.56145 ms)
[08/20/2026-18:35:36] [I] Average on 10 runs - GPU latency: 1.28032 ms - Host latency: 1.38652 ms (enqueue 0.556641 ms)
[08/20/2026-18:35:36] [I] Average on 10 runs - GPU latency: 1.27942 ms - Host latency: 1.38743 ms (enqueue 0.569702 ms)
[08/20/2026-18:35:36] [I] Average on 10 runs - GPU latency: 1.28008 ms - Host latency: 1.38811 ms (enqueue 0.564258 ms)
[08/20/2026-18:35:36] [I] Average on 10 runs - GPU latency: 1.2781 ms - Host latency: 1.38511 ms (enqueue 0.566528 ms)
[08/20/2026-18:35:36] [I] Average on 10 runs - GPU latency: 1.28025 ms - Host latency: 1.3875 ms (enqueue 0.570239 ms)
[08/20/2026-18:35:36] [I] Average on 10 runs - GPU latency: 1.27717 ms - Host latency: 1.38379 ms (enqueue 0.553247 ms)
[08/20/2026-18:35:36] [I] Average on 10 runs - GPU latency: 1.2793 ms - Host latency: 1.3885 ms (enqueue 0.55481 ms)
[08/20/2026-18:35:36] [I] Average on 10 runs - GPU latency: 1.27842 ms - Host latency: 1.38276 ms (enqueue 0.55813 ms)
[08/20/2026-18:35:36] [I] Average on 10 runs - GPU latency: 1.27957 ms - Host latency: 1.38711 ms (enqueue 0.562866 ms)
[08/20/2026-18:35:36] [I] Average on 10 runs - GPU latency: 1.27783 ms - Host latency: 1.38616 ms (enqueue 0.566016 ms)
[08/20/2026-18:35:36] [I] Average on 10 runs - GPU latency: 1.27832 ms - Host latency: 1.38545 ms (enqueue 0.559766 ms)
[08/20/2026-18:35:36] [I] Average on 10 runs - GPU latency: 1.27974 ms - Host latency: 1.38901 ms (enqueue 0.56084 ms)
[08/20/2026-18:35:36] [I] Average on 10 runs - GPU latency: 1.27861 ms - Host latency: 1.38564 ms (enqueue 0.572168 ms)
[08/20/2026-18:35:36] [I] Average on 10 runs - GPU latency: 1.27754 ms - Host latency: 1.38647 ms (enqueue 0.559326 ms)
[08/20/2026-18:35:36] [I] Average on 10 runs - GPU latency: 1.27871 ms - Host latency: 1.38667 ms (enqueue 0.571338 ms)
[08/20/2026-18:35:36] [I] Average on 10 runs - GPU latency: 1.27749 ms - Host latency: 1.38491 ms (enqueue 0.575293 ms)
[08/20/2026-18:35:36] [I] Average on 10 runs - GPU latency: 1.27803 ms - Host latency: 1.38657 ms (enqueue 0.563037 ms)
[08/20/2026-18:35:36] [I] Average on 10 runs - GPU latency: 1.2791 ms - Host latency: 1.3853 ms (enqueue 0.571631 ms)
[08/20/2026-18:35:36] [I] Average on 10 runs - GPU latency: 1.2792 ms - Host latency: 1.38701 ms (enqueue 0.558984 ms)
[08/20/2026-18:35:36] [I] Average on 10 runs - GPU latency: 1.27827 ms - Host latency: 1.3854 ms (enqueue 0.562402 ms)
[08/20/2026-18:35:36] [I] Average on 10 runs - GPU latency: 1.27871 ms - Host latency: 1.38833 ms (enqueue 0.583838 ms)
[08/20/2026-18:35:36] [I] Average on 10 runs - GPU latency: 1.28062 ms - Host latency: 1.38716 ms (enqueue 0.573145 ms)
[08/20/2026-18:35:36] [I] Average on 10 runs - GPU latency: 1.27891 ms - Host latency: 1.38838 ms (enqueue 0.575537 ms)
[08/20/2026-18:35:36] [I] Average on 10 runs - GPU latency: 1.27808 ms - Host latency: 1.38843 ms (enqueue 0.581787 ms)
[08/20/2026-18:35:36] [I] Average on 10 runs - GPU latency: 1.2772 ms - Host latency: 1.38467 ms (enqueue 0.564014 ms)
[08/20/2026-18:35:36] [I] Average on 10 runs - GPU latency: 1.27944 ms - Host latency: 1.39038 ms (enqueue 0.568359 ms)
[08/20/2026-18:35:36] [I] Average on 10 runs - GPU latency: 1.27769 ms - Host latency: 1.38589 ms (enqueue 0.568994 ms)
[08/20/2026-18:35:36] [I] Average on 10 runs - GPU latency: 1.27886 ms - Host latency: 1.38818 ms (enqueue 0.557617 ms)
[08/20/2026-18:35:36] [I] Average on 10 runs - GPU latency: 1.27798 ms - Host latency: 1.38477 ms (enqueue 0.576563 ms)
[08/20/2026-18:35:36] [I] Average on 10 runs - GPU latency: 1.27861 ms - Host latency: 1.38408 ms (enqueue 0.560303 ms)
[08/20/2026-18:35:36] [I] Average on 10 runs - GPU latency: 1.27813 ms - Host latency: 1.38711 ms (enqueue 0.568896 ms)
[08/20/2026-18:35:36] [I] Average on 10 runs - GPU latency: 1.27881 ms - Host latency: 1.38608 ms (enqueue 0.56499 ms)
[08/20/2026-18:35:36] [I] Average on 10 runs - GPU latency: 1.28096 ms - Host latency: 1.38765 ms (enqueue 0.560596 ms)
[08/20/2026-18:35:36] [I] Average on 10 runs - GPU latency: 1.28003 ms - Host latency: 1.38647 ms (enqueue 0.573926 ms)
[08/20/2026-18:35:36] [I] Average on 10 runs - GPU latency: 1.27803 ms - Host latency: 1.38594 ms (enqueue 0.581934 ms)
[08/20/2026-18:35:36] [I] Average on 10 runs - GPU latency: 1.27788 ms - Host latency: 1.38604 ms (enqueue 0.563232 ms)
[08/20/2026-18:35:36] [I] Average on 10 runs - GPU latency: 1.27754 ms - Host latency: 1.38657 ms (enqueue 0.578662 ms)
[08/20/2026-18:35:36] [I] Average on 10 runs - GPU latency: 1.27915 ms - Host latency: 1.38662 ms (enqueue 0.572021 ms)
[08/20/2026-18:35:36] [I] Average on 10 runs - GPU latency: 1.27969 ms - Host latency: 1.38804 ms (enqueue 0.566357 ms)
[08/20/2026-18:35:36] [I] Average on 10 runs - GPU latency: 1.27754 ms - Host latency: 1.38604 ms (enqueue 0.578809 ms)
[08/20/2026-18:35:36] [I] Average on 10 runs - GPU latency: 1.2793 ms - Host latency: 1.38687 ms (enqueue 0.566748 ms)
[08/20/2026-18:35:36] [I] Average on 10 runs - GPU latency: 1.27803 ms - Host latency: 1.3895 ms (enqueue 0.575732 ms)
[08/20/2026-18:35:36] [I] Average on 10 runs - GPU latency: 1.27837 ms - Host latency: 1.38623 ms (enqueue 0.573096 ms)
[08/20/2026-18:35:36] [I] Average on 10 runs - GPU latency: 1.28018 ms - Host latency: 1.38789 ms (enqueue 0.565771 ms)
[08/20/2026-18:35:36] [I] Average on 10 runs - GPU latency: 1.28027 ms - Host latency: 1.38804 ms (enqueue 0.579248 ms)
[08/20/2026-18:35:36] [I] Average on 10 runs - GPU latency: 1.27622 ms - Host latency: 1.38354 ms (enqueue 0.561963 ms)
[08/20/2026-18:35:36] [I] ... Omitting 3791 lines
[08/20/2026-18:35:36] [I] Average on 10 runs - GPU latency: 1.279 ms - Host latency: 1.38389 ms (enqueue 0.555957 ms)
[08/20/2026-18:35:36] [I] Average on 10 runs - GPU latency: 1.27793 ms - Host latency: 1.38535 ms (enqueue 0.562598 ms)
[08/20/2026-18:35:36] [I] Average on 10 runs - GPU latency: 1.27744 ms - Host latency: 1.3832 ms (enqueue 0.566699 ms)
[08/20/2026-18:35:36] [I] Average on 10 runs - GPU latency: 1.2791 ms - Host latency: 1.38525 ms (enqueue 0.55127 ms)
[08/20/2026-18:35:36] [I] Average on 10 runs - GPU latency: 1.27998 ms - Host latency: 1.38994 ms (enqueue 0.561133 ms)
[08/20/2026-18:35:36] [I] Average on 10 runs - GPU latency: 1.27695 ms - Host latency: 1.3835 ms (enqueue 0.575098 ms)
[08/20/2026-18:35:36] [I] Average on 10 runs - GPU latency: 1.2793 ms - Host latency: 1.38594 ms (enqueue 0.559473 ms)
[08/20/2026-18:35:36] [I] Average on 10 runs - GPU latency: 1.27959 ms - Host latency: 1.38496 ms (enqueue 0.568066 ms)
[08/20/2026-18:35:36] [I] Average on 10 runs - GPU latency: 1.27822 ms - Host latency: 1.38516 ms (enqueue 0.55791 ms)
[08/20/2026-18:35:36] [I] Average on 10 runs - GPU latency: 1.27891 ms - Host latency: 1.38623 ms (enqueue 0.582422 ms)
[08/20/2026-18:35:36] [I] Average on 10 runs - GPU latency: 1.28076 ms - Host latency: 1.38594 ms (enqueue 0.587207 ms)
[08/20/2026-18:35:36] [I] Average on 10 runs - GPU latency: 1.27744 ms - Host latency: 1.38467 ms (enqueue 0.579395 ms)
[08/20/2026-18:35:36] [I] Average on 10 runs - GPU latency: 1.27852 ms - Host latency: 1.38574 ms (enqueue 0.567676 ms)
[08/20/2026-18:35:36] [I] Average on 10 runs - GPU latency: 1.27861 ms - Host latency: 1.38447 ms (enqueue 0.563379 ms)
[08/20/2026-18:35:36] [I] Average on 10 runs - GPU latency: 1.27852 ms - Host latency: 1.38496 ms (enqueue 0.563867 ms)
[08/20/2026-18:35:36] [I] Average on 10 runs - GPU latency: 1.28154 ms - Host latency: 1.38711 ms (enqueue 0.577148 ms)
[08/20/2026-18:35:36] [I] Average on 10 runs - GPU latency: 1.27959 ms - Host latency: 1.38604 ms (enqueue 0.55918 ms)
[08/20/2026-18:35:36] [I] Average on 10 runs - GPU latency: 1.27998 ms - Host latency: 1.38682 ms (enqueue 0.563086 ms)
[08/20/2026-18:35:36] [I] Average on 10 runs - GPU latency: 1.27871 ms - Host latency: 1.38545 ms (enqueue 0.568652 ms)
[08/20/2026-18:35:36] [I] Average on 10 runs - GPU latency: 1.27803 ms - Host latency: 1.38223 ms (enqueue 0.553125 ms)
[08/20/2026-18:35:36] [I] Average on 10 runs - GPU latency: 1.27783 ms - Host latency: 1.38437 ms (enqueue 0.560742 ms)
[08/20/2026-18:35:36] [I] Average on 10 runs - GPU latency: 1.27666 ms - Host latency: 1.38291 ms (enqueue 0.566602 ms)
[08/20/2026-18:35:36] [I] Average on 10 runs - GPU latency: 1.27891 ms - Host latency: 1.38516 ms (enqueue 0.557227 ms)
[08/20/2026-18:35:36] [I] Average on 10 runs - GPU latency: 1.28086 ms - Host latency: 1.38594 ms (enqueue 0.563379 ms)
[08/20/2026-18:35:36] [I] Average on 10 runs - GPU latency: 1.28066 ms - Host latency: 1.38809 ms (enqueue 0.560254 ms)
[08/20/2026-18:35:36] [I] Average on 10 runs - GPU latency: 1.27871 ms - Host latency: 1.38477 ms (enqueue 0.557129 ms)
[08/20/2026-18:35:36] [I] Average on 10 runs - GPU latency: 1.27773 ms - Host latency: 1.38447 ms (enqueue 0.566797 ms)
[08/20/2026-18:35:36] [I] Average on 10 runs - GPU latency: 1.27842 ms - Host latency: 1.3833 ms (enqueue 0.554492 ms)
[08/20/2026-18:35:36] [I] Average on 10 runs - GPU latency: 1.27686 ms - Host latency: 1.38359 ms (enqueue 0.562988 ms)
[08/20/2026-18:35:36] [I] Average on 10 runs - GPU latency: 1.2793 ms - Host latency: 1.38594 ms (enqueue 0.571777 ms)
[08/20/2026-18:35:36] [I] Average on 10 runs - GPU latency: 1.27969 ms - Host latency: 1.38525 ms (enqueue 0.557227 ms)
[08/20/2026-18:35:36] [I] Average on 10 runs - GPU latency: 1.27793 ms - Host latency: 1.38467 ms (enqueue 0.570312 ms)
[08/20/2026-18:35:36] [I] Average on 10 runs - GPU latency: 1.27959 ms - Host latency: 1.38477 ms (enqueue 0.571387 ms)
[08/20/2026-18:35:36] [I] Average on 10 runs - GPU latency: 1.27754 ms - Host latency: 1.38389 ms (enqueue 0.553027 ms)
[08/20/2026-18:35:36] [I] Average on 10 runs - GPU latency: 1.27813 ms - Host latency: 1.38271 ms (enqueue 0.563965 ms)
[08/20/2026-18:35:36] [I] Average on 10 runs - GPU latency: 1.27939 ms - Host latency: 1.38721 ms (enqueue 0.569824 ms)
[08/20/2026-18:35:36] [I] Average on 10 runs - GPU latency: 1.27754 ms - Host latency: 1.38389 ms (enqueue 0.56416 ms)
[08/20/2026-18:35:36] [I] Average on 10 runs - GPU latency: 1.27813 ms - Host latency: 1.38486 ms (enqueue 0.583008 ms)
[08/20/2026-18:35:36] [I] Average on 10 runs - GPU latency: 1.27832 ms - Host latency: 1.38447 ms (enqueue 0.561035 ms)
[08/20/2026-18:35:36] [I] Average on 10 runs - GPU latency: 1.27725 ms - Host latency: 1.3835 ms (enqueue 0.564062 ms)
[08/20/2026-18:35:36] [I] Average on 10 runs - GPU latency: 1.27754 ms - Host latency: 1.38291 ms (enqueue 0.567383 ms)
[08/20/2026-18:35:36] [I] Average on 10 runs - GPU latency: 1.27803 ms - Host latency: 1.3835 ms (enqueue 0.562793 ms)
[08/20/2026-18:35:36] [I] Average on 10 runs - GPU latency: 1.27959 ms - Host latency: 1.38584 ms (enqueue 0.560645 ms)
[08/20/2026-18:35:36] [I] Average on 10 runs - GPU latency: 1.27676 ms - Host latency: 1.38203 ms (enqueue 0.559863 ms)
[08/20/2026-18:35:36] [I] Average on 10 runs - GPU latency: 1.28066 ms - Host latency: 1.38945 ms (enqueue 0.556543 ms)
[08/20/2026-18:35:36] [I] Average on 10 runs - GPU latency: 1.27734 ms - Host latency: 1.38359 ms (enqueue 0.574609 ms)
[08/20/2026-18:35:36] [I] Average on 10 runs - GPU latency: 1.27754 ms - Host latency: 1.38369 ms (enqueue 0.554688 ms)
[08/20/2026-18:35:36] [I] Average on 10 runs - GPU latency: 1.27832 ms - Host latency: 1.38682 ms (enqueue 0.58291 ms)
[08/20/2026-18:35:36] [I] Average on 10 runs - GPU latency: 1.2791 ms - Host latency: 1.38477 ms (enqueue 0.58457 ms)
[08/20/2026-18:35:36] [I] Average on 10 runs - GPU latency: 1.27773 ms - Host latency: 1.38271 ms (enqueue 0.564844 ms)
[08/20/2026-18:35:36] [I] Average on 10 runs - GPU latency: 1.27559 ms - Host latency: 1.38203 ms (enqueue 0.577246 ms)
[08/20/2026-18:35:36] [I] Average on 10 runs - GPU latency: 1.28105 ms - Host latency: 1.38857 ms (enqueue 0.568262 ms)
[08/20/2026-18:35:36] [I] Average on 10 runs - GPU latency: 1.27803 ms - Host latency: 1.38486 ms (enqueue 0.572852 ms)
[08/20/2026-18:35:36] [I] Average on 10 runs - GPU latency: 1.27822 ms - Host latency: 1.38535 ms (enqueue 0.580078 ms)
[08/20/2026-18:35:36] [I] Average on 10 runs - GPU latency: 1.27842 ms - Host latency: 1.38506 ms (enqueue 0.564062 ms)
[08/20/2026-18:35:36] [I] Average on 10 runs - GPU latency: 1.27832 ms - Host latency: 1.38643 ms (enqueue 0.574707 ms)
[08/20/2026-18:35:36] [I] Average on 10 runs - GPU latency: 1.27832 ms - Host latency: 1.38311 ms (enqueue 0.576953 ms)
[08/20/2026-18:35:36] [I] Average on 10 runs - GPU latency: 1.27852 ms - Host latency: 1.38574 ms (enqueue 0.57998 ms)
[08/20/2026-18:35:36] [I] Average on 10 runs - GPU latency: 1.27979 ms - Host latency: 1.38848 ms (enqueue 0.575098 ms)
[08/20/2026-18:35:36] [I] Average on 10 runs - GPU latency: 1.27656 ms - Host latency: 1.38262 ms (enqueue 0.561035 ms)
[08/20/2026-18:35:36] [I] Average on 10 runs - GPU latency: 1.27715 ms - Host latency: 1.38623 ms (enqueue 0.574219 ms)
[08/20/2026-18:35:36] [I] Average on 10 runs - GPU latency: 1.27842 ms - Host latency: 1.3833 ms (enqueue 0.573145 ms)
[08/20/2026-18:35:36] [I] Average on 10 runs - GPU latency: 1.27832 ms - Host latency: 1.38457 ms (enqueue 0.558984 ms)
[08/20/2026-18:35:36] [I] Average on 10 runs - GPU latency: 1.27871 ms - Host latency: 1.38457 ms (enqueue 0.554492 ms)
[08/20/2026-18:35:36] [I] Average on 10 runs - GPU latency: 1.27744 ms - Host latency: 1.38193 ms (enqueue 0.578027 ms)
[08/20/2026-18:35:36] [I] Average on 10 runs - GPU latency: 1.27813 ms - Host latency: 1.38213 ms (enqueue 0.559863 ms)
[08/20/2026-18:35:36] [I] Average on 10 runs - GPU latency: 1.27861 ms - Host latency: 1.38369 ms (enqueue 0.572754 ms)
[08/20/2026-18:35:36] [I] Average on 10 runs - GPU latency: 1.27949 ms - Host latency: 1.38496 ms (enqueue 0.564844 ms)
[08/20/2026-18:35:36] [I] Average on 10 runs - GPU latency: 1.27871 ms - Host latency: 1.38486 ms (enqueue 0.57002 ms)
[08/20/2026-18:35:36] [I] Average on 10 runs - GPU latency: 1.27764 ms - Host latency: 1.38223 ms (enqueue 0.580762 ms)
[08/20/2026-18:35:36] [I] Average on 10 runs - GPU latency: 1.27861 ms - Host latency: 1.3833 ms (enqueue 0.55498 ms)
[08/20/2026-18:35:36] [I] Average on 10 runs - GPU latency: 1.27881 ms - Host latency: 1.38359 ms (enqueue 0.56416 ms)
[08/20/2026-18:35:36] [I] Average on 10 runs - GPU latency: 1.27646 ms - Host latency: 1.38369 ms (enqueue 0.565527 ms)
[08/20/2026-18:35:36] [I] Average on 10 runs - GPU latency: 1.27793 ms - Host latency: 1.3833 ms (enqueue 0.563965 ms)
[08/20/2026-18:35:36] [I] Average on 10 runs - GPU latency: 1.27764 ms - Host latency: 1.38369 ms (enqueue 0.577441 ms)
[08/20/2026-18:35:36] [I] Average on 10 runs - GPU latency: 1.27881 ms - Host latency: 1.38428 ms (enqueue 0.573047 ms)
[08/20/2026-18:35:36] [I] Average on 10 runs - GPU latency: 1.27871 ms - Host latency: 1.38965 ms (enqueue 0.568848 ms)
[08/20/2026-18:35:36] [I] Average on 10 runs - GPU latency: 1.27842 ms - Host latency: 1.38516 ms (enqueue 0.584668 ms)
[08/20/2026-18:35:36] [I] Average on 10 runs - GPU latency: 1.27891 ms - Host latency: 1.38555 ms (enqueue 0.562109 ms)
[08/20/2026-18:35:36] [I] Average on 10 runs - GPU latency: 1.28008 ms - Host latency: 1.38496 ms (enqueue 0.570996 ms)
[08/20/2026-18:35:36] [I] Average on 10 runs - GPU latency: 1.27969 ms - Host latency: 1.3874 ms (enqueue 0.574023 ms)
[08/20/2026-18:35:36] [I] Average on 10 runs - GPU latency: 1.27754 ms - Host latency: 1.38711 ms (enqueue 0.57373 ms)
[08/20/2026-18:35:36] [I] Average on 10 runs - GPU latency: 1.27842 ms - Host latency: 1.38379 ms (enqueue 0.565137 ms)
[08/20/2026-18:35:36] [I] Average on 10 runs - GPU latency: 1.27891 ms - Host latency: 1.38467 ms (enqueue 0.568359 ms)
[08/20/2026-18:35:36] [I] Average on 10 runs - GPU latency: 1.27734 ms - Host latency: 1.38594 ms (enqueue 0.559082 ms)
[08/20/2026-18:35:36] [I] Average on 10 runs - GPU latency: 1.27852 ms - Host latency: 1.38496 ms (enqueue 0.573535 ms)
[08/20/2026-18:35:36] [I] Average on 10 runs - GPU latency: 1.27695 ms - Host latency: 1.38398 ms (enqueue 0.56377 ms)
[08/20/2026-18:35:36] [I] Average on 10 runs - GPU latency: 1.2791 ms - Host latency: 1.38594 ms (enqueue 0.57207 ms)
[08/20/2026-18:35:36] [I] Average on 10 runs - GPU latency: 1.2791 ms - Host latency: 1.38437 ms (enqueue 0.564355 ms)
[08/20/2026-18:35:36] [I] Average on 10 runs - GPU latency: 1.27959 ms - Host latency: 1.38623 ms (enqueue 0.553613 ms)
[08/20/2026-18:35:36] [I] Average on 10 runs - GPU latency: 1.28008 ms - Host latency: 1.38564 ms (enqueue 0.575586 ms)
[08/20/2026-18:35:36] [I] Average on 10 runs - GPU latency: 1.2793 ms - Host latency: 1.38555 ms (enqueue 0.580371 ms)
[08/20/2026-18:35:36] [I] Average on 10 runs - GPU latency: 1.27803 ms - Host latency: 1.3835 ms (enqueue 0.564355 ms)
[08/20/2026-18:35:36] [I] Average on 10 runs - GPU latency: 1.27783 ms - Host latency: 1.38643 ms (enqueue 0.584766 ms)
[08/20/2026-18:35:36] [I] Average on 10 runs - GPU latency: 1.28066 ms - Host latency: 1.3876 ms (enqueue 0.564648 ms)
[08/20/2026-18:35:36] [I] Average on 10 runs - GPU latency: 1.27744 ms - Host latency: 1.38701 ms (enqueue 0.578125 ms)
[08/20/2026-18:35:36] [I] Average on 10 runs - GPU latency: 1.27949 ms - Host latency: 1.38613 ms (enqueue 0.590332 ms)
[08/20/2026-18:35:36] [I] Average on 10 runs - GPU latency: 1.2792 ms - Host latency: 1.38525 ms (enqueue 0.570117 ms)
[08/20/2026-18:35:36] [I] Average on 10 runs - GPU latency: 1.2791 ms - Host latency: 1.38877 ms (enqueue 0.593652 ms)
[08/20/2026-18:35:36] [I] Average on 10 runs - GPU latency: 1.27842 ms - Host latency: 1.38613 ms (enqueue 0.580469 ms)
[08/20/2026-18:35:36] [I] Average on 10 runs - GPU latency: 1.27861 ms - Host latency: 1.38369 ms (enqueue 0.557324 ms)
[08/20/2026-18:35:36] [I] Average on 10 runs - GPU latency: 1.28018 ms - Host latency: 1.38467 ms (enqueue 0.564453 ms)
[08/20/2026-18:35:36] [I] Average on 10 runs - GPU latency: 1.2792 ms - Host latency: 1.38506 ms (enqueue 0.573145 ms)
[08/20/2026-18:35:36] [I] Average on 10 runs - GPU latency: 1.27725 ms - Host latency: 1.38555 ms (enqueue 0.57334 ms)
[08/20/2026-18:35:36] [I] Average on 10 runs - GPU latency: 1.27881 ms - Host latency: 1.38428 ms (enqueue 0.575 ms)
[08/20/2026-18:35:36] [I] Average on 10 runs - GPU latency: 1.27725 ms - Host latency: 1.38555 ms (enqueue 0.561816 ms)
[08/20/2026-18:35:36] [I] Average on 10 runs - GPU latency: 1.27793 ms - Host latency: 1.38594 ms (enqueue 0.565625 ms)
[08/20/2026-18:35:36] [I] Average on 10 runs - GPU latency: 1.27871 ms - Host latency: 1.38516 ms (enqueue 0.580176 ms)
[08/20/2026-18:35:36] [I] Average on 10 runs - GPU latency: 1.27832 ms - Host latency: 1.38633 ms (enqueue 0.567676 ms)
[08/20/2026-18:35:36] [I] Average on 10 runs - GPU latency: 1.27793 ms - Host latency: 1.38652 ms (enqueue 0.575098 ms)
[08/20/2026-18:35:36] [I] Average on 10 runs - GPU latency: 1.27764 ms - Host latency: 1.38477 ms (enqueue 0.56084 ms)
[08/20/2026-18:35:36] [I] Average on 10 runs - GPU latency: 1.27959 ms - Host latency: 1.38506 ms (enqueue 0.558301 ms)
[08/20/2026-18:35:36] [I] Average on 10 runs - GPU latency: 1.27939 ms - Host latency: 1.38672 ms (enqueue 0.573047 ms)
[08/20/2026-18:35:36] [I] Average on 10 runs - GPU latency: 1.27764 ms - Host latency: 1.38164 ms (enqueue 0.553613 ms)
[08/20/2026-18:35:36] [I] Average on 10 runs - GPU latency: 1.27822 ms - Host latency: 1.38662 ms (enqueue 0.569629 ms)
[08/20/2026-18:35:36] [I] Average on 10 runs - GPU latency: 1.27822 ms - Host latency: 1.38437 ms (enqueue 0.570508 ms)
[08/20/2026-18:35:36] [I] Average on 10 runs - GPU latency: 1.27891 ms - Host latency: 1.38652 ms (enqueue 0.558301 ms)
[08/20/2026-18:35:36] [I] Average on 10 runs - GPU latency: 1.27998 ms - Host latency: 1.3876 ms (enqueue 0.570312 ms)
[08/20/2026-18:35:36] [I] Average on 10 runs - GPU latency: 1.27949 ms - Host latency: 1.38584 ms (enqueue 0.578906 ms)
[08/20/2026-18:35:36] [I] Average on 10 runs - GPU latency: 1.27773 ms - Host latency: 1.38545 ms (enqueue 0.563184 ms)
[08/20/2026-18:35:36] [I] Average on 10 runs - GPU latency: 1.27949 ms - Host latency: 1.38623 ms (enqueue 0.583984 ms)
[08/20/2026-18:35:36] [I] Average on 10 runs - GPU latency: 1.27598 ms - Host latency: 1.38047 ms (enqueue 0.558398 ms)
[08/20/2026-18:35:36] [I] Average on 10 runs - GPU latency: 1.27832 ms - Host latency: 1.38604 ms (enqueue 0.572363 ms)
[08/20/2026-18:35:36] [I] Average on 10 runs - GPU latency: 1.27861 ms - Host latency: 1.38594 ms (enqueue 0.570605 ms)
[08/20/2026-18:35:36] [I] Average on 10 runs - GPU latency: 1.27783 ms - Host latency: 1.38477 ms (enqueue 0.571973 ms)
[08/20/2026-18:35:36] [I] Average on 10 runs - GPU latency: 1.27578 ms - Host latency: 1.38408 ms (enqueue 0.571875 ms)
[08/20/2026-18:35:36] [I] Average on 10 runs - GPU latency: 1.27998 ms - Host latency: 1.38613 ms (enqueue 0.567871 ms)
[08/20/2026-18:35:36] [I] Average on 10 runs - GPU latency: 1.27813 ms - Host latency: 1.38389 ms (enqueue 0.556934 ms)
[08/20/2026-18:35:36] [I] Average on 10 runs - GPU latency: 1.27734 ms - Host latency: 1.38408 ms (enqueue 0.575684 ms)
[08/20/2026-18:35:36] [I] Average on 10 runs - GPU latency: 1.27998 ms - Host latency: 1.38652 ms (enqueue 0.566602 ms)
[08/20/2026-18:35:36] [I] Average on 10 runs - GPU latency: 1.27979 ms - Host latency: 1.38984 ms (enqueue 0.567383 ms)
[08/20/2026-18:35:36] [I] Average on 10 runs - GPU latency: 1.27988 ms - Host latency: 1.38564 ms (enqueue 0.57832 ms)
[08/20/2026-18:35:36] [I] Average on 10 runs - GPU latency: 1.27715 ms - Host latency: 1.38213 ms (enqueue 0.558203 ms)
[08/20/2026-18:35:36] [I] Average on 10 runs - GPU latency: 1.27871 ms - Host latency: 1.38369 ms (enqueue 0.572754 ms)
[08/20/2026-18:35:36] [I] Average on 10 runs - GPU latency: 1.279 ms - Host latency: 1.38281 ms (enqueue 0.568945 ms)
[08/20/2026-18:35:36] [I] Average on 10 runs - GPU latency: 1.28018 ms - Host latency: 1.38672 ms (enqueue 0.557813 ms)
[08/20/2026-18:35:36] [I] Average on 10 runs - GPU latency: 1.27773 ms - Host latency: 1.38379 ms (enqueue 0.573926 ms)
[08/20/2026-18:35:36] [I] Average on 10 runs - GPU latency: 1.27832 ms - Host latency: 1.38623 ms (enqueue 0.561719 ms)
[08/20/2026-18:35:36] [I] Average on 10 runs - GPU latency: 1.28018 ms - Host latency: 1.38584 ms (enqueue 0.555859 ms)
[08/20/2026-18:35:36] [I] Average on 10 runs - GPU latency: 1.27754 ms - Host latency: 1.38271 ms (enqueue 0.566992 ms)
[08/20/2026-18:35:36] [I] Average on 10 runs - GPU latency: 1.27881 ms - Host latency: 1.38574 ms (enqueue 0.552441 ms)
[08/20/2026-18:35:36] [I] Average on 10 runs - GPU latency: 1.28008 ms - Host latency: 1.38584 ms (enqueue 0.568848 ms)
[08/20/2026-18:35:36] [I] Average on 10 runs - GPU latency: 1.279 ms - Host latency: 1.3874 ms (enqueue 0.572168 ms)
[08/20/2026-18:35:36] [I] Average on 10 runs - GPU latency: 1.27949 ms - Host latency: 1.38604 ms (enqueue 0.561719 ms)
[08/20/2026-18:35:36] [I] Average on 10 runs - GPU latency: 1.27998 ms - Host latency: 1.38555 ms (enqueue 0.567676 ms)
[08/20/2026-18:35:36] [I] Average on 10 runs - GPU latency: 1.27891 ms - Host latency: 1.38477 ms (enqueue 0.558203 ms)
[08/20/2026-18:35:36] [I] Average on 10 runs - GPU latency: 1.27881 ms - Host latency: 1.3833 ms (enqueue 0.547363 ms)
[08/20/2026-18:35:36] [I] Average on 10 runs - GPU latency: 1.27891 ms - Host latency: 1.38437 ms (enqueue 0.566309 ms)
[08/20/2026-18:35:36] [I] Average on 10 runs - GPU latency: 1.27725 ms - Host latency: 1.38418 ms (enqueue 0.558105 ms)
[08/20/2026-18:35:36] [I] Average on 10 runs - GPU latency: 1.27754 ms - Host latency: 1.38447 ms (enqueue 0.55791 ms)
[08/20/2026-18:35:36] [I] Average on 10 runs - GPU latency: 1.2793 ms - Host latency: 1.38389 ms (enqueue 0.566895 ms)
[08/20/2026-18:35:36] [I] Average on 10 runs - GPU latency: 1.27813 ms - Host latency: 1.38389 ms (enqueue 0.555078 ms)
[08/20/2026-18:35:36] [I] Average on 10 runs - GPU latency: 1.28008 ms - Host latency: 1.38701 ms (enqueue 0.571582 ms)
[08/20/2026-18:35:36] [I] Average on 10 runs - GPU latency: 1.27891 ms - Host latency: 1.38447 ms (enqueue 0.562891 ms)
[08/20/2026-18:35:36] [I] Average on 10 runs - GPU latency: 1.27842 ms - Host latency: 1.38691 ms (enqueue 0.557617 ms)
[08/20/2026-18:35:36] [I] Average on 10 runs - GPU latency: 1.2791 ms - Host latency: 1.38545 ms (enqueue 0.574219 ms)
[08/20/2026-18:35:36] [I] Average on 10 runs - GPU latency: 1.27881 ms - Host latency: 1.38408 ms (enqueue 0.558691 ms)
[08/20/2026-18:35:36] [I] Average on 10 runs - GPU latency: 1.27773 ms - Host latency: 1.38213 ms (enqueue 0.557617 ms)
[08/20/2026-18:35:36] [I] Average on 10 runs - GPU latency: 1.27891 ms - Host latency: 1.38467 ms (enqueue 0.565527 ms)
[08/20/2026-18:35:36] [I] Average on 10 runs - GPU latency: 1.27725 ms - Host latency: 1.38203 ms (enqueue 0.553906 ms)
[08/20/2026-18:35:36] [I] Average on 10 runs - GPU latency: 1.27646 ms - Host latency: 1.38115 ms (enqueue 0.565625 ms)
[08/20/2026-18:35:36] [I] Average on 10 runs - GPU latency: 1.27832 ms - Host latency: 1.38408 ms (enqueue 0.568164 ms)
[08/20/2026-18:35:36] [I] Average on 10 runs - GPU latency: 1.27891 ms - Host latency: 1.38535 ms (enqueue 0.555859 ms)
[08/20/2026-18:35:36] [I] Average on 10 runs - GPU latency: 1.27822 ms - Host latency: 1.38447 ms (enqueue 0.575293 ms)
[08/20/2026-18:35:36] [I] Average on 10 runs - GPU latency: 1.27939 ms - Host latency: 1.38643 ms (enqueue 0.562402 ms)
[08/20/2026-18:35:36] [I] Average on 10 runs - GPU latency: 1.27734 ms - Host latency: 1.38613 ms (enqueue 0.573535 ms)
[08/20/2026-18:35:36] [I] Average on 10 runs - GPU latency: 1.28066 ms - Host latency: 1.38838 ms (enqueue 0.596973 ms)
[08/20/2026-18:35:36] [I] Average on 10 runs - GPU latency: 1.27881 ms - Host latency: 1.38809 ms (enqueue 0.586719 ms)
[08/20/2026-18:35:36] [I] Average on 10 runs - GPU latency: 1.27871 ms - Host latency: 1.3875 ms (enqueue 0.573926 ms)
[08/20/2026-18:35:36] [I] Average on 10 runs - GPU latency: 1.27949 ms - Host latency: 1.38467 ms (enqueue 0.558594 ms)
[08/20/2026-18:35:36] [I] Average on 10 runs - GPU latency: 1.27891 ms - Host latency: 1.38613 ms (enqueue 0.557422 ms)
[08/20/2026-18:35:36] [I] Average on 10 runs - GPU latency: 1.27803 ms - Host latency: 1.38467 ms (enqueue 0.571777 ms)
[08/20/2026-18:35:36] [I] Average on 10 runs - GPU latency: 1.27842 ms - Host latency: 1.38447 ms (enqueue 0.571582 ms)
[08/20/2026-18:35:36] [I] Average on 10 runs - GPU latency: 1.27764 ms - Host latency: 1.38369 ms (enqueue 0.561914 ms)
[08/20/2026-18:35:36] [I] Average on 10 runs - GPU latency: 1.27871 ms - Host latency: 1.38516 ms (enqueue 0.576465 ms)
[08/20/2026-18:35:36] [I] Average on 10 runs - GPU latency: 1.28027 ms - Host latency: 1.38633 ms (enqueue 0.562891 ms)
[08/20/2026-18:35:36] [I] Average on 10 runs - GPU latency: 1.27793 ms - Host latency: 1.38369 ms (enqueue 0.568457 ms)
[08/20/2026-18:35:36] [I] Average on 10 runs - GPU latency: 1.27881 ms - Host latency: 1.38584 ms (enqueue 0.577832 ms)
[08/20/2026-18:35:36] [I] Average on 10 runs - GPU latency: 1.27871 ms - Host latency: 1.38477 ms (enqueue 0.565918 ms)
[08/20/2026-18:35:36] [I] Average on 10 runs - GPU latency: 1.279 ms - Host latency: 1.38564 ms (enqueue 0.571191 ms)
[08/20/2026-18:35:36] [I] Average on 10 runs - GPU latency: 1.27646 ms - Host latency: 1.38428 ms (enqueue 0.568945 ms)
[08/20/2026-18:35:36] [I] Average on 10 runs - GPU latency: 1.27676 ms - Host latency: 1.38457 ms (enqueue 0.56875 ms)
[08/20/2026-18:35:36] [I] Average on 10 runs - GPU latency: 1.27773 ms - Host latency: 1.38584 ms (enqueue 0.583301 ms)
[08/20/2026-18:35:36] [I] Average on 10 runs - GPU latency: 1.2792 ms - Host latency: 1.38516 ms (enqueue 0.558887 ms)
[08/20/2026-18:35:36] [I] Average on 10 runs - GPU latency: 1.27686 ms - Host latency: 1.38662 ms (enqueue 0.570117 ms)
[08/20/2026-18:35:36] [I] Average on 10 runs - GPU latency: 1.27959 ms - Host latency: 1.3876 ms (enqueue 0.578711 ms)
[08/20/2026-18:35:36] [I] Average on 10 runs - GPU latency: 1.27939 ms - Host latency: 1.38574 ms (enqueue 0.566797 ms)
[08/20/2026-18:35:36] [I] Average on 10 runs - GPU latency: 1.27793 ms - Host latency: 1.3874 ms (enqueue 0.570898 ms)
[08/20/2026-18:35:36] [I] Average on 10 runs - GPU latency: 1.28008 ms - Host latency: 1.38711 ms (enqueue 0.561719 ms)
[08/20/2026-18:35:36] [I] Average on 10 runs - GPU latency: 1.27861 ms - Host latency: 1.38447 ms (enqueue 0.555762 ms)
[08/20/2026-18:35:36] [I] Average on 10 runs - GPU latency: 1.279 ms - Host latency: 1.38398 ms (enqueue 0.562012 ms)
[08/20/2026-18:35:36] [I] Average on 10 runs - GPU latency: 1.27988 ms - Host latency: 1.38437 ms (enqueue 0.556934 ms)
[08/20/2026-18:35:36] [I] Average on 10 runs - GPU latency: 1.2793 ms - Host latency: 1.38506 ms (enqueue 0.551172 ms)
[08/20/2026-18:35:36] [I] Average on 10 runs - GPU latency: 1.28115 ms - Host latency: 1.38437 ms (enqueue 0.569336 ms)
[08/20/2026-18:35:36] [I] Average on 10 runs - GPU latency: 1.27744 ms - Host latency: 1.38359 ms (enqueue 0.560645 ms)
[08/20/2026-18:35:36] [I] Average on 10 runs - GPU latency: 1.2793 ms - Host latency: 1.38682 ms (enqueue 0.570801 ms)
[08/20/2026-18:35:36] [I] Average on 10 runs - GPU latency: 1.27617 ms - Host latency: 1.3832 ms (enqueue 0.572363 ms)
[08/20/2026-18:35:36] [I] Average on 10 runs - GPU latency: 1.2792 ms - Host latency: 1.38535 ms (enqueue 0.568066 ms)
[08/20/2026-18:35:36] [I] Average on 10 runs - GPU latency: 1.27813 ms - Host latency: 1.38506 ms (enqueue 0.570996 ms)
[08/20/2026-18:35:36] [I] Average on 10 runs - GPU latency: 1.279 ms - Host latency: 1.38584 ms (enqueue 0.570605 ms)
[08/20/2026-18:35:36] [I] 
[08/20/2026-18:35:36] [I] === Performance summary ===
[08/20/2026-18:35:36] [I] Throughput: 778.757 qps
[08/20/2026-18:35:36] [I] Latency: min = 1.36719 ms, max = 1.43848 ms, mean = 1.38539 ms, median = 1.38525 ms, percentile(90%) = 1.39209 ms, percentile(95%) = 1.39404 ms, percentile(99%) = 1.39868 ms
[08/20/2026-18:35:36] [I] Enqueue Time: min = 0.510742 ms, max = 0.915039 ms, mean = 0.56616 ms, median = 0.5625 ms, percentile(90%) = 0.591797 ms, percentile(95%) = 0.605957 ms, percentile(99%) = 0.634766 ms
[08/20/2026-18:35:36] [I] H2D Latency: min = 0.0898438 ms, max = 0.145996 ms, mean = 0.0949058 ms, median = 0.0947266 ms, percentile(90%) = 0.0976562 ms, percentile(95%) = 0.0981445 ms, percentile(99%) = 0.104248 ms
[08/20/2026-18:35:36] [I] GPU Compute Time: min = 1.26562 ms, max = 1.29688 ms, mean = 1.27858 ms, median = 1.27832 ms, percentile(90%) = 1.2832 ms, percentile(95%) = 1.28467 ms, percentile(99%) = 1.28711 ms
[08/20/2026-18:35:36] [I] D2H Latency: min = 0.0078125 ms, max = 0.0185547 ms, mean = 0.0119172 ms, median = 0.0107422 ms, percentile(90%) = 0.015625 ms, percentile(95%) = 0.0161133 ms, percentile(99%) = 0.0166016 ms
[08/20/2026-18:35:36] [I] Total Host Walltime: 10.0044 s
[08/20/2026-18:35:36] [I] Total GPU Compute Time: 9.96139 s
[08/20/2026-18:35:36] [I] Explanations of the performance metrics are printed in the verbose logs.
[08/20/2026-18:35:36] [I] 
&&&& PASSED TensorRT.trtexec [TensorRT v100300] # trtexec --onnx=onnx/resnet50_fp32.onnx --int8 --fp16 --useDLACore=0 --allowGPUFallback --saveEngine=engines/rn50_dla_int8.plan --warmUp=2000 --duration=10 --iterations=200
