&&&& RUNNING TensorRT.trtexec [TensorRT v100300] # trtexec --onnx=onnx/resnet50_fp32.onnx --fp16 --useDLACore=0 --allowGPUFallback --saveEngine=engines/rn50_dla_fp16.plan --warmUp=2000 --duration=10 --iterations=200
[08/20/2026-18:34:38] [I] === Model Options ===
[08/20/2026-18:34:38] [I] Format: ONNX
[08/20/2026-18:34:38] [I] Model: onnx/resnet50_fp32.onnx
[08/20/2026-18:34:38] [I] Output:
[08/20/2026-18:34:38] [I] === Build Options ===
[08/20/2026-18:34:38] [I] Memory Pools: workspace: default, dlaSRAM: default, dlaLocalDRAM: default, dlaGlobalDRAM: default, tacticSharedMem: default
[08/20/2026-18:34:38] [I] avgTiming: 8
[08/20/2026-18:34:38] [I] Precision: FP32+FP16
[08/20/2026-18:34:38] [I] LayerPrecisions: 
[08/20/2026-18:34:38] [I] Layer Device Types: 
[08/20/2026-18:34:38] [I] Calibration: 
[08/20/2026-18:34:38] [I] Refit: Disabled
[08/20/2026-18:34:38] [I] Strip weights: Disabled
[08/20/2026-18:34:38] [I] Version Compatible: Disabled
[08/20/2026-18:34:38] [I] ONNX Plugin InstanceNorm: Disabled
[08/20/2026-18:34:38] [I] TensorRT runtime: full
[08/20/2026-18:34:38] [I] Lean DLL Path: 
[08/20/2026-18:34:38] [I] Tempfile Controls: { in_memory: allow, temporary: allow }
[08/20/2026-18:34:38] [I] Exclude Lean Runtime: Disabled
[08/20/2026-18:34:38] [I] Sparsity: Disabled
[08/20/2026-18:34:38] [I] Safe mode: Disabled
[08/20/2026-18:34:38] [I] Build DLA standalone loadable: Disabled
[08/20/2026-18:34:38] [I] Allow GPU fallback for DLA: Enabled
[08/20/2026-18:34:38] [I] DirectIO mode: Disabled
[08/20/2026-18:34:38] [I] Restricted mode: Disabled
[08/20/2026-18:34:38] [I] Skip inference: Disabled
[08/20/2026-18:34:38] [I] Save engine: engines/rn50_dla_fp16.plan
[08/20/2026-18:34:38] [I] Load engine: 
[08/20/2026-18:34:38] [I] Profiling verbosity: 0
[08/20/2026-18:34:38] [I] Tactic sources: Using default tactic sources
[08/20/2026-18:34:38] [I] timingCacheMode: local
[08/20/2026-18:34:38] [I] timingCacheFile: 
[08/20/2026-18:34:38] [I] Enable Compilation Cache: Enabled
[08/20/2026-18:34:38] [I] errorOnTimingCacheMiss: Disabled
[08/20/2026-18:34:38] [I] Preview Features: Use default preview flags.
[08/20/2026-18:34:38] [I] MaxAuxStreams: -1
[08/20/2026-18:34:38] [I] BuilderOptimizationLevel: -1
[08/20/2026-18:34:38] [I] Calibration Profile Index: 0
[08/20/2026-18:34:38] [I] Weight Streaming: Disabled
[08/20/2026-18:34:38] [I] Runtime Platform: Same As Build
[08/20/2026-18:34:38] [I] Debug Tensors: 
[08/20/2026-18:34:38] [I] Input(s)s format: fp32:CHW
[08/20/2026-18:34:38] [I] Output(s)s format: fp32:CHW
[08/20/2026-18:34:38] [I] Input build shapes: model
[08/20/2026-18:34:38] [I] Input calibration shapes: model
[08/20/2026-18:34:38] [I] === System Options ===
[08/20/2026-18:34:38] [I] Device: 0
[08/20/2026-18:34:38] [I] DLACore: 0
[08/20/2026-18:34:38] [I] Plugins:
[08/20/2026-18:34:38] [I] setPluginsToSerialize:
[08/20/2026-18:34:38] [I] dynamicPlugins:
[08/20/2026-18:34:38] [I] ignoreParsedPluginLibs: 0
[08/20/2026-18:34:38] [I] 
[08/20/2026-18:34:38] [I] === Inference Options ===
[08/20/2026-18:34:38] [I] Batch: Explicit
[08/20/2026-18:34:38] [I] Input inference shapes: model
[08/20/2026-18:34:38] [I] Iterations: 200
[08/20/2026-18:34:38] [I] Duration: 10s (+ 2000ms warm up)
[08/20/2026-18:34:38] [I] Sleep time: 0ms
[08/20/2026-18:34:38] [I] Idle time: 0ms
[08/20/2026-18:34:38] [I] Inference Streams: 1
[08/20/2026-18:34:38] [I] ExposeDMA: Disabled
[08/20/2026-18:34:38] [I] Data transfers: Enabled
[08/20/2026-18:34:38] [I] Spin-wait: Disabled
[08/20/2026-18:34:38] [I] Multithreading: Disabled
[08/20/2026-18:34:38] [I] CUDA Graph: Disabled
[08/20/2026-18:34:38] [I] Separate profiling: Disabled
[08/20/2026-18:34:38] [I] Time Deserialize: Disabled
[08/20/2026-18:34:38] [I] Time Refit: Disabled
[08/20/2026-18:34:38] [I] NVTX verbosity: 0
[08/20/2026-18:34:38] [I] Persistent Cache Ratio: 0
[08/20/2026-18:34:38] [I] Optimization Profile Index: 0
[08/20/2026-18:34:38] [I] Weight Streaming Budget: 100.000000%
[08/20/2026-18:34:38] [I] Inputs:
[08/20/2026-18:34:38] [I] Debug Tensor Save Destinations:
[08/20/2026-18:34:38] [I] === Reporting Options ===
[08/20/2026-18:34:38] [I] Verbose: Disabled
[08/20/2026-18:34:38] [I] Averages: 10 inferences
[08/20/2026-18:34:38] [I] Percentiles: 90,95,99
[08/20/2026-18:34:38] [I] Dump refittable layers:Disabled
[08/20/2026-18:34:38] [I] Dump output: Disabled
[08/20/2026-18:34:38] [I] Profile: Disabled
[08/20/2026-18:34:38] [I] Export timing to JSON file: 
[08/20/2026-18:34:38] [I] Export output to JSON file: 
[08/20/2026-18:34:38] [I] Export profile to JSON file: 
[08/20/2026-18:34:38] [I] 
[08/20/2026-18:34:38] [I] === Device Information ===
[08/20/2026-18:34:38] [I] Available Devices: 
[08/20/2026-18:34:38] [I]   Device 0: "Orin" UUID: GPU-d88f5124-b913-5174-bcad-9e3fe191d8a8
[08/20/2026-18:34:38] [I] Selected Device: Orin
[08/20/2026-18:34:38] [I] Selected Device ID: 0
[08/20/2026-18:34:38] [I] Selected Device UUID: GPU-d88f5124-b913-5174-bcad-9e3fe191d8a8
[08/20/2026-18:34:38] [I] Compute Capability: 8.7
[08/20/2026-18:34:38] [I] SMs: 16
[08/20/2026-18:34:38] [I] Device Global Memory: 62841 MiB
[08/20/2026-18:34:38] [I] Shared Memory per SM: 164 KiB
[08/20/2026-18:34:38] [I] Memory Bus Width: 256 bits (ECC disabled)
[08/20/2026-18:34:38] [I] Application Compute Clock Rate: 1.3 GHz
[08/20/2026-18:34:38] [I] Application Memory Clock Rate: 1.3 GHz
[08/20/2026-18:34:38] [I] 
[08/20/2026-18:34:38] [I] Note: The application clock rates do not reflect the actual clock rates that the GPU is currently running at.
[08/20/2026-18:34:38] [I] 
[08/20/2026-18:34:38] [I] TensorRT version: 10.3.0
[08/20/2026-18:34:38] [I] Loading standard plugins
[08/20/2026-18:34:38] [I] [TRT] [MemUsageChange] Init CUDA: CPU +2, GPU +0, now: CPU 31, GPU 4827 (MiB)
[08/20/2026-18:34:40] [I] [TRT] [MemUsageChange] Init builder kernel library: CPU +928, GPU +751, now: CPU 1002, GPU 5620 (MiB)
[08/20/2026-18:34:40] [I] Start parsing network model.
[08/20/2026-18:34:40] [I] [TRT] ----------------------------------------------------------------
[08/20/2026-18:34:40] [I] [TRT] Input filename:   onnx/resnet50_fp32.onnx
[08/20/2026-18:34:40] [I] [TRT] ONNX IR version:  0.0.8
[08/20/2026-18:34:40] [I] [TRT] Opset version:    17
[08/20/2026-18:34:40] [I] [TRT] Producer name:    pytorch
[08/20/2026-18:34:40] [I] [TRT] Producer version: 2.11.0
[08/20/2026-18:34:40] [I] [TRT] Domain:           
[08/20/2026-18:34:40] [I] [TRT] Model version:    0
[08/20/2026-18:34:40] [I] [TRT] Doc string:       
[08/20/2026-18:34:40] [I] [TRT] ----------------------------------------------------------------
[08/20/2026-18:34:40] [I] Finished parsing network model. Parse time: 0.0717468
[08/20/2026-18:34:40] [W] [TRT] /avgpool/GlobalAveragePool: DLA cores do not support AVG Reduce operation.
[08/20/2026-18:34:40] [W] [TRT] Layer '/avgpool/GlobalAveragePool' (REDUCE): Unsupported on DLA. Switching this layer's device type to GPU.
[08/20/2026-18:34:40] [W] [TRT] Layer '/Flatten' (SHUFFLE): Unsupported on DLA. Switching this layer's device type to GPU.
[08/20/2026-18:34:40] [W] [TRT] Layer 'fc.weight' (CONSTANT): Unsupported on DLA. Switching this layer's device type to GPU.
[08/20/2026-18:34:40] [W] [TRT] Layer 'fc.bias' (CONSTANT): Unsupported on DLA. Switching this layer's device type to GPU.
[08/20/2026-18:34:40] [W] [TRT] Layer 'ONNXTRT_Broadcast' (SHUFFLE): Unsupported on DLA. Switching this layer's device type to GPU.
[08/20/2026-18:34:47] [I] [TRT] Local timing cache in use. Profiling results in this builder pass will not be stored.
[08/20/2026-18:34:55] [I] [TRT] Detected 1 inputs and 1 output network tensors.
[08/20/2026-18:34:56] [I] [TRT] Total Host Persistent Memory: 4464
[08/20/2026-18:34:56] [I] [TRT] Total Device Persistent Memory: 0
[08/20/2026-18:34:56] [I] [TRT] Total Scratch Memory: 0
[08/20/2026-18:34:56] [I] [TRT] [BlockAssignment] Started assigning block shifts. This will take 7 steps to complete.
[08/20/2026-18:34:56] [I] [TRT] [BlockAssignment] Algorithm ShiftNTopDown took 0.034365ms to assign 3 blocks to 7 nodes requiring 1806848 bytes.
[08/20/2026-18:34:56] [I] [TRT] Total Activation Memory: 1806336
[08/20/2026-18:34:56] [I] [TRT] Total Weights Memory: 0
[08/20/2026-18:34:56] [I] [TRT] Engine generation completed in 8.84767 seconds.
[08/20/2026-18:34:56] [I] [TRT] [MemUsageStats] Peak memory usage of TRT CPU/GPU memory allocators: CPU 49 MiB, GPU 2 MiB
[08/20/2026-18:34:56] [I] [TRT] [MemUsageStats] Peak memory usage during Engine building and serialization: CPU: 1742 MiB
[08/20/2026-18:34:56] [I] Engine built in 15.6751 sec.
[08/20/2026-18:34:56] [I] Created engine with size: 49.1407 MiB
[08/20/2026-18:34:56] [I] [TRT] Loaded engine size: 49 MiB
[08/20/2026-18:34:56] [I] Engine deserialized in 0.0275839 sec.
[08/20/2026-18:34:56] [I] [TRT] [MemUsageChange] TensorRT-managed allocation in IExecutionContext creation: CPU +0, GPU +1, now: CPU 49, GPU 1 (MiB)
[08/20/2026-18:34:56] [I] Setting persistentCacheLimit to 0 bytes.
[08/20/2026-18:34:56] [I] Created execution context with device memory size: 1.72266 MiB
[08/20/2026-18:34:56] [I] Using random values for input input
[08/20/2026-18:34:56] [I] Input binding for input with dimensions 1x3x224x224 is created.
[08/20/2026-18:34:56] [I] Output binding for logits with dimensions 1x1000 is created.
[08/20/2026-18:34:56] [I] Starting inference
[08/20/2026-18:35:08] [I] Warmup completed 113 queries over 2000 ms
[08/20/2026-18:35:08] [I] Timing trace has 566 queries over 10.059 s
[08/20/2026-18:35:08] [I] 
[08/20/2026-18:35:08] [I] === Trace details ===
[08/20/2026-18:35:08] [I] Trace averages of 10 runs:
[08/20/2026-18:35:08] [I] Average on 10 runs - GPU latency: 17.7327 ms - Host latency: 17.8482 ms (enqueue 0.665417 ms)
[08/20/2026-18:35:08] [I] Average on 10 runs - GPU latency: 17.7345 ms - Host latency: 17.8495 ms (enqueue 0.698999 ms)
[08/20/2026-18:35:08] [I] Average on 10 runs - GPU latency: 17.736 ms - Host latency: 17.85 ms (enqueue 0.678125 ms)
[08/20/2026-18:35:08] [I] Average on 10 runs - GPU latency: 17.7355 ms - Host latency: 17.8492 ms (enqueue 0.665039 ms)
[08/20/2026-18:35:08] [I] Average on 10 runs - GPU latency: 17.7333 ms - Host latency: 17.848 ms (enqueue 0.648608 ms)
[08/20/2026-18:35:08] [I] Average on 10 runs - GPU latency: 17.7329 ms - Host latency: 17.846 ms (enqueue 0.64895 ms)
[08/20/2026-18:35:08] [I] Average on 10 runs - GPU latency: 17.7299 ms - Host latency: 17.8465 ms (enqueue 0.655908 ms)
[08/20/2026-18:35:08] [I] Average on 10 runs - GPU latency: 17.7339 ms - Host latency: 17.8473 ms (enqueue 0.696924 ms)
[08/20/2026-18:35:08] [I] Average on 10 runs - GPU latency: 17.7323 ms - Host latency: 17.8467 ms (enqueue 0.656982 ms)
[08/20/2026-18:35:08] [I] Average on 10 runs - GPU latency: 17.7342 ms - Host latency: 17.8498 ms (enqueue 0.666284 ms)
[08/20/2026-18:35:08] [I] Average on 10 runs - GPU latency: 17.8156 ms - Host latency: 17.9294 ms (enqueue 0.673682 ms)
[08/20/2026-18:35:08] [I] Average on 10 runs - GPU latency: 17.8201 ms - Host latency: 17.9371 ms (enqueue 0.652344 ms)
[08/20/2026-18:35:08] [I] Average on 10 runs - GPU latency: 17.7316 ms - Host latency: 17.847 ms (enqueue 0.65083 ms)
[08/20/2026-18:35:08] [I] Average on 10 runs - GPU latency: 17.7305 ms - Host latency: 17.8476 ms (enqueue 0.684814 ms)
[08/20/2026-18:35:08] [I] Average on 10 runs - GPU latency: 17.732 ms - Host latency: 17.8467 ms (enqueue 0.639307 ms)
[08/20/2026-18:35:08] [I] Average on 10 runs - GPU latency: 17.7307 ms - Host latency: 17.8466 ms (enqueue 0.649561 ms)
[08/20/2026-18:35:08] [I] Average on 10 runs - GPU latency: 17.7301 ms - Host latency: 17.8459 ms (enqueue 0.65415 ms)
[08/20/2026-18:35:08] [I] Average on 10 runs - GPU latency: 17.7314 ms - Host latency: 17.846 ms (enqueue 0.648291 ms)
[08/20/2026-18:35:08] [I] Average on 10 runs - GPU latency: 17.735 ms - Host latency: 17.8491 ms (enqueue 0.656445 ms)
[08/20/2026-18:35:08] [I] Average on 10 runs - GPU latency: 17.7398 ms - Host latency: 17.8516 ms (enqueue 0.667285 ms)
[08/20/2026-18:35:08] [I] Average on 10 runs - GPU latency: 17.7326 ms - Host latency: 17.8492 ms (enqueue 0.652734 ms)
[08/20/2026-18:35:08] [I] Average on 10 runs - GPU latency: 17.7298 ms - Host latency: 17.8452 ms (enqueue 0.653857 ms)
[08/20/2026-18:35:08] [I] Average on 10 runs - GPU latency: 17.7344 ms - Host latency: 17.8497 ms (enqueue 0.645508 ms)
[08/20/2026-18:35:08] [I] Average on 10 runs - GPU latency: 17.7324 ms - Host latency: 17.8459 ms (enqueue 0.658789 ms)
[08/20/2026-18:35:08] [I] Average on 10 runs - GPU latency: 17.7369 ms - Host latency: 17.8521 ms (enqueue 0.661865 ms)
[08/20/2026-18:35:08] [I] Average on 10 runs - GPU latency: 17.7295 ms - Host latency: 17.8435 ms (enqueue 0.659229 ms)
[08/20/2026-18:35:08] [I] Average on 10 runs - GPU latency: 17.732 ms - Host latency: 17.8469 ms (enqueue 0.660059 ms)
[08/20/2026-18:35:08] [I] Average on 10 runs - GPU latency: 17.7307 ms - Host latency: 17.8438 ms (enqueue 0.657129 ms)
[08/20/2026-18:35:08] [I] Average on 10 runs - GPU latency: 17.7353 ms - Host latency: 17.8507 ms (enqueue 0.647021 ms)
[08/20/2026-18:35:08] [I] Average on 10 runs - GPU latency: 17.7319 ms - Host latency: 17.8466 ms (enqueue 0.650537 ms)
[08/20/2026-18:35:08] [I] Average on 10 runs - GPU latency: 17.7352 ms - Host latency: 17.8486 ms (enqueue 0.686279 ms)
[08/20/2026-18:35:08] [I] Average on 10 runs - GPU latency: 17.7344 ms - Host latency: 17.8509 ms (enqueue 0.654688 ms)
[08/20/2026-18:35:08] [I] Average on 10 runs - GPU latency: 17.7312 ms - Host latency: 17.8483 ms (enqueue 0.65835 ms)
[08/20/2026-18:35:08] [I] Average on 10 runs - GPU latency: 17.7352 ms - Host latency: 17.8506 ms (enqueue 0.661621 ms)
[08/20/2026-18:35:08] [I] Average on 10 runs - GPU latency: 17.7342 ms - Host latency: 17.8491 ms (enqueue 0.660059 ms)
[08/20/2026-18:35:08] [I] Average on 10 runs - GPU latency: 17.7332 ms - Host latency: 17.8506 ms (enqueue 0.650781 ms)
[08/20/2026-18:35:08] [I] Average on 10 runs - GPU latency: 17.7326 ms - Host latency: 17.8487 ms (enqueue 0.680176 ms)
[08/20/2026-18:35:08] [I] Average on 10 runs - GPU latency: 17.7313 ms - Host latency: 17.847 ms (enqueue 0.651953 ms)
[08/20/2026-18:35:08] [I] Average on 10 runs - GPU latency: 17.731 ms - Host latency: 17.8457 ms (enqueue 0.643164 ms)
[08/20/2026-18:35:08] [I] Average on 10 runs - GPU latency: 17.7319 ms - Host latency: 17.8481 ms (enqueue 0.658398 ms)
[08/20/2026-18:35:08] [I] Average on 10 runs - GPU latency: 17.7316 ms - Host latency: 17.8455 ms (enqueue 0.654785 ms)
[08/20/2026-18:35:08] [I] Average on 10 runs - GPU latency: 17.7345 ms - Host latency: 17.8489 ms (enqueue 0.669922 ms)
[08/20/2026-18:35:08] [I] Average on 10 runs - GPU latency: 17.7297 ms - Host latency: 17.846 ms (enqueue 0.685938 ms)
[08/20/2026-18:35:08] [I] Average on 10 runs - GPU latency: 17.7322 ms - Host latency: 17.8482 ms (enqueue 0.65459 ms)
[08/20/2026-18:35:08] [I] Average on 10 runs - GPU latency: 17.73 ms - Host latency: 17.8442 ms (enqueue 0.656055 ms)
[08/20/2026-18:35:08] [I] Average on 10 runs - GPU latency: 17.7327 ms - Host latency: 17.8466 ms (enqueue 0.670801 ms)
[08/20/2026-18:35:08] [I] Average on 10 runs - GPU latency: 17.7285 ms - Host latency: 17.8424 ms (enqueue 0.657422 ms)
[08/20/2026-18:35:08] [I] Average on 10 runs - GPU latency: 17.7307 ms - Host latency: 17.8475 ms (enqueue 0.680566 ms)
[08/20/2026-18:35:08] [I] Average on 10 runs - GPU latency: 17.7313 ms - Host latency: 17.8444 ms (enqueue 0.654395 ms)
[08/20/2026-18:35:08] [I] Average on 10 runs - GPU latency: 17.7287 ms - Host latency: 17.8463 ms (enqueue 0.64873 ms)
[08/20/2026-18:35:08] [I] Average on 10 runs - GPU latency: 17.7325 ms - Host latency: 17.8483 ms (enqueue 0.638965 ms)
[08/20/2026-18:35:08] [I] Average on 10 runs - GPU latency: 17.7325 ms - Host latency: 17.8488 ms (enqueue 0.646191 ms)
[08/20/2026-18:35:08] [I] Average on 10 runs - GPU latency: 17.7297 ms - Host latency: 17.8424 ms (enqueue 0.649023 ms)
[08/20/2026-18:35:08] [I] Average on 10 runs - GPU latency: 17.7375 ms - Host latency: 17.8526 ms (enqueue 0.677734 ms)
[08/20/2026-18:35:08] [I] Average on 10 runs - GPU latency: 17.734 ms - Host latency: 17.8488 ms (enqueue 0.651074 ms)
[08/20/2026-18:35:08] [I] Average on 10 runs - GPU latency: 17.7377 ms - Host latency: 17.8544 ms (enqueue 0.647363 ms)
[08/20/2026-18:35:08] [I] 
[08/20/2026-18:35:08] [I] === Performance summary ===
[08/20/2026-18:35:08] [I] Throughput: 56.2678 qps
[08/20/2026-18:35:08] [I] Latency: min = 17.8291 ms, max = 17.9585 ms, mean = 17.8507 ms, median = 17.8472 ms, percentile(90%) = 17.8604 ms, percentile(95%) = 17.8711 ms, percentile(99%) = 17.9424 ms
[08/20/2026-18:35:08] [I] Enqueue Time: min = 0.606445 ms, max = 0.875244 ms, mean = 0.65964 ms, median = 0.654297 ms, percentile(90%) = 0.696289 ms, percentile(95%) = 0.707764 ms, percentile(99%) = 0.760742 ms
[08/20/2026-18:35:08] [I] H2D Latency: min = 0.0913086 ms, max = 0.117188 ms, mean = 0.10313 ms, median = 0.104004 ms, percentile(90%) = 0.107422 ms, percentile(95%) = 0.108398 ms, percentile(99%) = 0.11084 ms
[08/20/2026-18:35:08] [I] GPU Compute Time: min = 17.7217 ms, max = 17.8428 ms, mean = 17.7357 ms, median = 17.7314 ms, percentile(90%) = 17.7461 ms, percentile(95%) = 17.7554 ms, percentile(99%) = 17.8259 ms
[08/20/2026-18:35:08] [I] D2H Latency: min = 0.00878906 ms, max = 0.0151367 ms, mean = 0.0118809 ms, median = 0.0117188 ms, percentile(90%) = 0.0136719 ms, percentile(95%) = 0.0141602 ms, percentile(99%) = 0.0148926 ms
[08/20/2026-18:35:08] [I] Total Host Walltime: 10.059 s
[08/20/2026-18:35:08] [I] Total GPU Compute Time: 10.0384 s
[08/20/2026-18:35:08] [I] Explanations of the performance metrics are printed in the verbose logs.
[08/20/2026-18:35:08] [I] 
&&&& PASSED TensorRT.trtexec [TensorRT v100300] # trtexec --onnx=onnx/resnet50_fp32.onnx --fp16 --useDLACore=0 --allowGPUFallback --saveEngine=engines/rn50_dla_fp16.plan --warmUp=2000 --duration=10 --iterations=200
