$ /usr/src/tensorrt/bin/trtexec --onnx=/home/katech/orin_bench/onnx/detr_sim.onnx --int8 --fp16 --saveEngine=/home/katech/orin_bench/engines/detr_gpu_int8_implicit.plan --warmUp=2000 --duration=10 --iterations=200 --avgRuns=100
&&&& RUNNING TensorRT.trtexec [TensorRT v100300] # /usr/src/tensorrt/bin/trtexec --onnx=/home/katech/orin_bench/onnx/detr_sim.onnx --int8 --fp16 --saveEngine=/home/katech/orin_bench/engines/detr_gpu_int8_implicit.plan --warmUp=2000 --duration=10 --iterations=200 --avgRuns=100
[08/21/2026-10:29:47] [I] === Model Options ===
[08/21/2026-10:29:47] [I] Format: ONNX
[08/21/2026-10:29:47] [I] Model: /home/katech/orin_bench/onnx/detr_sim.onnx
[08/21/2026-10:29:47] [I] Output:
[08/21/2026-10:29:47] [I] === Build Options ===
[08/21/2026-10:29:47] [I] Memory Pools: workspace: default, dlaSRAM: default, dlaLocalDRAM: default, dlaGlobalDRAM: default, tacticSharedMem: default
[08/21/2026-10:29:47] [I] avgTiming: 8
[08/21/2026-10:29:47] [I] Precision: FP32+FP16+INT8
[08/21/2026-10:29:47] [I] LayerPrecisions: 
[08/21/2026-10:29:47] [I] Layer Device Types: 
[08/21/2026-10:29:47] [I] Calibration: Dynamic
[08/21/2026-10:29:47] [I] Refit: Disabled
[08/21/2026-10:29:47] [I] Strip weights: Disabled
[08/21/2026-10:29:47] [I] Version Compatible: Disabled
[08/21/2026-10:29:47] [I] ONNX Plugin InstanceNorm: Disabled
[08/21/2026-10:29:47] [I] TensorRT runtime: full
[08/21/2026-10:29:47] [I] Lean DLL Path: 
[08/21/2026-10:29:47] [I] Tempfile Controls: { in_memory: allow, temporary: allow }
[08/21/2026-10:29:47] [I] Exclude Lean Runtime: Disabled
[08/21/2026-10:29:47] [I] Sparsity: Disabled
[08/21/2026-10:29:47] [I] Safe mode: Disabled
[08/21/2026-10:29:47] [I] Build DLA standalone loadable: Disabled
[08/21/2026-10:29:47] [I] Allow GPU fallback for DLA: Disabled
[08/21/2026-10:29:47] [I] DirectIO mode: Disabled
[08/21/2026-10:29:47] [I] Restricted mode: Disabled
[08/21/2026-10:29:47] [I] Skip inference: Disabled
[08/21/2026-10:29:47] [I] Save engine: /home/katech/orin_bench/engines/detr_gpu_int8_implicit.plan
[08/21/2026-10:29:47] [I] Load engine: 
[08/21/2026-10:29:47] [I] Profiling verbosity: 0
[08/21/2026-10:29:47] [I] Tactic sources: Using default tactic sources
[08/21/2026-10:29:47] [I] timingCacheMode: local
[08/21/2026-10:29:47] [I] timingCacheFile: 
[08/21/2026-10:29:47] [I] Enable Compilation Cache: Enabled
[08/21/2026-10:29:47] [I] errorOnTimingCacheMiss: Disabled
[08/21/2026-10:29:47] [I] Preview Features: Use default preview flags.
[08/21/2026-10:29:47] [I] MaxAuxStreams: -1
[08/21/2026-10:29:47] [I] BuilderOptimizationLevel: -1
[08/21/2026-10:29:47] [I] Calibration Profile Index: 0
[08/21/2026-10:29:47] [I] Weight Streaming: Disabled
[08/21/2026-10:29:47] [I] Runtime Platform: Same As Build
[08/21/2026-10:29:47] [I] Debug Tensors: 
[08/21/2026-10:29:47] [I] Input(s)s format: fp32:CHW
[08/21/2026-10:29:47] [I] Output(s)s format: fp32:CHW
[08/21/2026-10:29:47] [I] Input build shapes: model
[08/21/2026-10:29:47] [I] Input calibration shapes: model
[08/21/2026-10:29:47] [I] === System Options ===
[08/21/2026-10:29:47] [I] Device: 0
[08/21/2026-10:29:47] [I] DLACore: 
[08/21/2026-10:29:47] [I] Plugins:
[08/21/2026-10:29:47] [I] setPluginsToSerialize:
[08/21/2026-10:29:47] [I] dynamicPlugins:
[08/21/2026-10:29:47] [I] ignoreParsedPluginLibs: 0
[08/21/2026-10:29:47] [I] 
[08/21/2026-10:29:47] [I] === Inference Options ===
[08/21/2026-10:29:47] [I] Batch: Explicit
[08/21/2026-10:29:47] [I] Input inference shapes: model
[08/21/2026-10:29:47] [I] Iterations: 200
[08/21/2026-10:29:47] [I] Duration: 10s (+ 2000ms warm up)
[08/21/2026-10:29:47] [I] Sleep time: 0ms
[08/21/2026-10:29:47] [I] Idle time: 0ms
[08/21/2026-10:29:47] [I] Inference Streams: 1
[08/21/2026-10:29:47] [I] ExposeDMA: Disabled
[08/21/2026-10:29:47] [I] Data transfers: Enabled
[08/21/2026-10:29:47] [I] Spin-wait: Disabled
[08/21/2026-10:29:47] [I] Multithreading: Disabled
[08/21/2026-10:29:47] [I] CUDA Graph: Disabled
[08/21/2026-10:29:47] [I] Separate profiling: Disabled
[08/21/2026-10:29:47] [I] Time Deserialize: Disabled
[08/21/2026-10:29:47] [I] Time Refit: Disabled
[08/21/2026-10:29:47] [I] NVTX verbosity: 0
[08/21/2026-10:29:47] [I] Persistent Cache Ratio: 0
[08/21/2026-10:29:47] [I] Optimization Profile Index: 0
[08/21/2026-10:29:47] [I] Weight Streaming Budget: 100.000000%
[08/21/2026-10:29:47] [I] Inputs:
[08/21/2026-10:29:47] [I] Debug Tensor Save Destinations:
[08/21/2026-10:29:47] [I] === Reporting Options ===
[08/21/2026-10:29:47] [I] Verbose: Disabled
[08/21/2026-10:29:47] [I] Averages: 100 inferences
[08/21/2026-10:29:47] [I] Percentiles: 90,95,99
[08/21/2026-10:29:47] [I] Dump refittable layers:Disabled
[08/21/2026-10:29:47] [I] Dump output: Disabled
[08/21/2026-10:29:47] [I] Profile: Disabled
[08/21/2026-10:29:47] [I] Export timing to JSON file: 
[08/21/2026-10:29:47] [I] Export output to JSON file: 
[08/21/2026-10:29:47] [I] Export profile to JSON file: 
[08/21/2026-10:29:47] [I] 
[08/21/2026-10:29:47] [I] === Device Information ===
[08/21/2026-10:29:47] [I] Available Devices: 
[08/21/2026-10:29:47] [I]   Device 0: "Orin" UUID: GPU-d88f5124-b913-5174-bcad-9e3fe191d8a8
[08/21/2026-10:29:47] [I] Selected Device: Orin
[08/21/2026-10:29:47] [I] Selected Device ID: 0
[08/21/2026-10:29:47] [I] Selected Device UUID: GPU-d88f5124-b913-5174-bcad-9e3fe191d8a8
[08/21/2026-10:29:47] [I] Compute Capability: 8.7
[08/21/2026-10:29:47] [I] SMs: 16
[08/21/2026-10:29:47] [I] Device Global Memory: 62841 MiB
[08/21/2026-10:29:47] [I] Shared Memory per SM: 164 KiB
[08/21/2026-10:29:47] [I] Memory Bus Width: 256 bits (ECC disabled)
[08/21/2026-10:29:47] [I] Application Compute Clock Rate: 1.3 GHz
[08/21/2026-10:29:47] [I] Application Memory Clock Rate: 1.3 GHz
[08/21/2026-10:29:47] [I] 
[08/21/2026-10:29:47] [I] Note: The application clock rates do not reflect the actual clock rates that the GPU is currently running at.
[08/21/2026-10:29:47] [I] 
[08/21/2026-10:29:47] [I] TensorRT version: 10.3.0
[08/21/2026-10:29:47] [I] Loading standard plugins
[08/21/2026-10:29:47] [I] [TRT] [MemUsageChange] Init CUDA: CPU +2, GPU +0, now: CPU 31, GPU 10211 (MiB)
[08/21/2026-10:29:49] [I] [TRT] [MemUsageChange] Init builder kernel library: CPU +928, GPU +1094, now: CPU 1002, GPU 11349 (MiB)
[08/21/2026-10:29:49] [I] Start parsing network model.
[08/21/2026-10:29:49] [I] [TRT] ----------------------------------------------------------------
[08/21/2026-10:29:49] [I] [TRT] Input filename:   /home/katech/orin_bench/onnx/detr_sim.onnx
[08/21/2026-10:29:49] [I] [TRT] ONNX IR version:  0.0.8
[08/21/2026-10:29:49] [I] [TRT] Opset version:    17
[08/21/2026-10:29:49] [I] [TRT] Producer name:    pytorch
[08/21/2026-10:29:49] [I] [TRT] Producer version: 2.11.0
[08/21/2026-10:29:49] [I] [TRT] Domain:           
[08/21/2026-10:29:49] [I] [TRT] Model version:    0
[08/21/2026-10:29:49] [I] [TRT] Doc string:       
[08/21/2026-10:29:49] [I] [TRT] ----------------------------------------------------------------
[08/21/2026-10:29:49] [I] Finished parsing network model. Parse time: 0.150657
[08/21/2026-10:29:49] [W] [TRT] Calibrator is not being used. Users must provide dynamic range for all tensors that are not Int32 or Bool.
[08/21/2026-10:29:49] [I] [TRT] Local timing cache in use. Profiling results in this builder pass will not be stored.
[08/21/2026-10:38:56] [I] [TRT] Detected 1 inputs and 4 output network tensors.
[08/21/2026-10:39:03] [I] [TRT] Total Host Persistent Memory: 258224
[08/21/2026-10:39:03] [I] [TRT] Total Device Persistent Memory: 0
[08/21/2026-10:39:03] [I] [TRT] Total Scratch Memory: 25296384
[08/21/2026-10:39:03] [I] [TRT] [BlockAssignment] Started assigning block shifts. This will take 62 steps to complete.
[08/21/2026-10:39:03] [I] [TRT] [BlockAssignment] Algorithm ShiftNTopDown took 1.25289ms to assign 6 blocks to 62 nodes requiring 46686720 bytes.
[08/21/2026-10:39:03] [I] [TRT] Total Activation Memory: 46686208
[08/21/2026-10:39:03] [I] [TRT] Total Weights Memory: 59224452
[08/21/2026-10:39:03] [I] [TRT] Engine generation completed in 553.204 seconds.
[08/21/2026-10:39:03] [I] [TRT] [MemUsageStats] Peak memory usage of TRT CPU/GPU memory allocators: CPU 33 MiB, GPU 134 MiB
[08/21/2026-10:39:03] [I] [TRT] [MemUsageStats] Peak memory usage during Engine building and serialization: CPU: 3260 MiB
[08/21/2026-10:39:03] [I] Engine built in 553.866 sec.
[08/21/2026-10:39:03] [I] Created engine with size: 58.7601 MiB
[08/21/2026-10:39:03] [I] [TRT] Loaded engine size: 58 MiB
[08/21/2026-10:39:03] [I] Engine deserialized in 0.0634409 sec.
[08/21/2026-10:39:03] [I] [TRT] [MS] Running engine with multi stream info
[08/21/2026-10:39:03] [I] [TRT] [MS] Number of aux streams is 1
[08/21/2026-10:39:03] [I] [TRT] [MS] Number of total worker streams is 2
[08/21/2026-10:39:03] [I] [TRT] [MS] The main stream provided by execute/enqueue calls is the first worker stream
[08/21/2026-10:39:03] [I] [TRT] [MemUsageChange] TensorRT-managed allocation in IExecutionContext creation: CPU +0, GPU +45, now: CPU 0, GPU 101 (MiB)
[08/21/2026-10:39:03] [I] Setting persistentCacheLimit to 0 bytes.
[08/21/2026-10:39:03] [I] Created execution context with device memory size: 44.5234 MiB
[08/21/2026-10:39:03] [I] Using random values for input pixel_values
[08/21/2026-10:39:03] [I] Input binding for pixel_values with dimensions 1x3x800x1066 is created.
[08/21/2026-10:39:03] [I] Output binding for logits with dimensions 1x100x92 is created.
[08/21/2026-10:39:03] [I] Output binding for pred_boxes with dimensions 1x100x4 is created.
[08/21/2026-10:39:03] [I] Output binding for onnx::MatMul_3387 with dimensions 1x100x256 is created.
[08/21/2026-10:39:03] [I] Output binding for encoder_hidden_states with dimensions 1x850x256 is created.
[08/21/2026-10:39:03] [I] Starting inference
[08/21/2026-10:39:15] [I] Warmup completed 207 queries over 2000 ms
[08/21/2026-10:39:15] [I] Timing trace has 1062 queries over 10.0277 s
[08/21/2026-10:39:15] [I] 
[08/21/2026-10:39:15] [I] === Trace details ===
[08/21/2026-10:39:15] [I] Trace averages of 100 runs:
[08/21/2026-10:39:15] [I] Average on 100 runs - GPU latency: 9.43676 ms - Host latency: 10.1138 ms (enqueue 2.55094 ms)
[08/21/2026-10:39:15] [I] Average on 100 runs - GPU latency: 9.43575 ms - Host latency: 10.1178 ms (enqueue 2.56867 ms)
[08/21/2026-10:39:15] [I] Average on 100 runs - GPU latency: 9.4345 ms - Host latency: 10.1152 ms (enqueue 2.57935 ms)
[08/21/2026-10:39:15] [I] Average on 100 runs - GPU latency: 9.43666 ms - Host latency: 10.1133 ms (enqueue 2.57385 ms)
[08/21/2026-10:39:15] [I] Average on 100 runs - GPU latency: 9.43458 ms - Host latency: 10.1144 ms (enqueue 2.58188 ms)
[08/21/2026-10:39:15] [I] Average on 100 runs - GPU latency: 9.42512 ms - Host latency: 10.086 ms (enqueue 2.56533 ms)
[08/21/2026-10:39:15] [I] Average on 100 runs - GPU latency: 9.42397 ms - Host latency: 10.0792 ms (enqueue 2.56428 ms)
[08/21/2026-10:39:15] [I] Average on 100 runs - GPU latency: 9.42491 ms - Host latency: 10.0824 ms (enqueue 2.56584 ms)
[08/21/2026-10:39:15] [I] Average on 100 runs - GPU latency: 9.41985 ms - Host latency: 10.0772 ms (enqueue 2.56119 ms)
[08/21/2026-10:39:15] [I] Average on 100 runs - GPU latency: 9.4242 ms - Host latency: 10.0832 ms (enqueue 2.55867 ms)
[08/21/2026-10:39:15] [I] 
[08/21/2026-10:39:15] [I] === Performance summary ===
[08/21/2026-10:39:15] [I] Throughput: 105.907 qps
[08/21/2026-10:39:15] [I] Latency: min = 9.96387 ms, max = 10.2002 ms, mean = 10.0972 ms, median = 10.0928 ms, percentile(90%) = 10.1348 ms, percentile(95%) = 10.1472 ms, percentile(99%) = 10.1707 ms
[08/21/2026-10:39:15] [I] Enqueue Time: min = 2.03015 ms, max = 3.17432 ms, mean = 2.56641 ms, median = 2.56348 ms, percentile(90%) = 2.62207 ms, percentile(95%) = 2.63818 ms, percentile(99%) = 2.67188 ms
[08/21/2026-10:39:15] [I] H2D Latency: min = 0.544922 ms, max = 0.663086 ms, mean = 0.57178 ms, median = 0.564453 ms, percentile(90%) = 0.598633 ms, percentile(95%) = 0.609619 ms, percentile(99%) = 0.637451 ms
[08/21/2026-10:39:15] [I] GPU Compute Time: min = 9.36816 ms, max = 9.49072 ms, mean = 9.42926 ms, median = 9.42871 ms, percentile(90%) = 9.44678 ms, percentile(95%) = 9.45166 ms, percentile(99%) = 9.46118 ms
[08/21/2026-10:39:15] [I] D2H Latency: min = 0.0361328 ms, max = 0.105957 ms, mean = 0.096148 ms, median = 0.0957031 ms, percentile(90%) = 0.100586 ms, percentile(95%) = 0.101562 ms, percentile(99%) = 0.103516 ms
[08/21/2026-10:39:15] [I] Total Host Walltime: 10.0277 s
[08/21/2026-10:39:15] [I] Total GPU Compute Time: 10.0139 s
[08/21/2026-10:39:15] [I] Explanations of the performance metrics are printed in the verbose logs.
[08/21/2026-10:39:15] [I] 
&&&& PASSED TensorRT.trtexec [TensorRT v100300] # /usr/src/tensorrt/bin/trtexec --onnx=/home/katech/orin_bench/onnx/detr_sim.onnx --int8 --fp16 --saveEngine=/home/katech/orin_bench/engines/detr_gpu_int8_implicit.plan --warmUp=2000 --duration=10 --iterations=200 --avgRuns=100
