$ /usr/src/tensorrt/bin/trtexec --onnx=/home/katech/orin_bench/onnx/detr_sim.onnx --fp16 --saveEngine=/home/katech/orin_bench/engines/detr_gpu_fp16.plan --warmUp=2000 --duration=10 --iterations=200 --avgRuns=100
&&&& RUNNING TensorRT.trtexec [TensorRT v100300] # /usr/src/tensorrt/bin/trtexec --onnx=/home/katech/orin_bench/onnx/detr_sim.onnx --fp16 --saveEngine=/home/katech/orin_bench/engines/detr_gpu_fp16.plan --warmUp=2000 --duration=10 --iterations=200 --avgRuns=100
[08/21/2026-10:24:44] [I] === Model Options ===
[08/21/2026-10:24:44] [I] Format: ONNX
[08/21/2026-10:24:44] [I] Model: /home/katech/orin_bench/onnx/detr_sim.onnx
[08/21/2026-10:24:44] [I] Output:
[08/21/2026-10:24:44] [I] === Build Options ===
[08/21/2026-10:24:44] [I] Memory Pools: workspace: default, dlaSRAM: default, dlaLocalDRAM: default, dlaGlobalDRAM: default, tacticSharedMem: default
[08/21/2026-10:24:44] [I] avgTiming: 8
[08/21/2026-10:24:44] [I] Precision: FP32+FP16
[08/21/2026-10:24:44] [I] LayerPrecisions: 
[08/21/2026-10:24:44] [I] Layer Device Types: 
[08/21/2026-10:24:44] [I] Calibration: 
[08/21/2026-10:24:44] [I] Refit: Disabled
[08/21/2026-10:24:44] [I] Strip weights: Disabled
[08/21/2026-10:24:44] [I] Version Compatible: Disabled
[08/21/2026-10:24:44] [I] ONNX Plugin InstanceNorm: Disabled
[08/21/2026-10:24:44] [I] TensorRT runtime: full
[08/21/2026-10:24:44] [I] Lean DLL Path: 
[08/21/2026-10:24:44] [I] Tempfile Controls: { in_memory: allow, temporary: allow }
[08/21/2026-10:24:44] [I] Exclude Lean Runtime: Disabled
[08/21/2026-10:24:44] [I] Sparsity: Disabled
[08/21/2026-10:24:44] [I] Safe mode: Disabled
[08/21/2026-10:24:44] [I] Build DLA standalone loadable: Disabled
[08/21/2026-10:24:44] [I] Allow GPU fallback for DLA: Disabled
[08/21/2026-10:24:44] [I] DirectIO mode: Disabled
[08/21/2026-10:24:44] [I] Restricted mode: Disabled
[08/21/2026-10:24:44] [I] Skip inference: Disabled
[08/21/2026-10:24:44] [I] Save engine: /home/katech/orin_bench/engines/detr_gpu_fp16.plan
[08/21/2026-10:24:44] [I] Load engine: 
[08/21/2026-10:24:44] [I] Profiling verbosity: 0
[08/21/2026-10:24:44] [I] Tactic sources: Using default tactic sources
[08/21/2026-10:24:44] [I] timingCacheMode: local
[08/21/2026-10:24:44] [I] timingCacheFile: 
[08/21/2026-10:24:44] [I] Enable Compilation Cache: Enabled
[08/21/2026-10:24:44] [I] errorOnTimingCacheMiss: Disabled
[08/21/2026-10:24:44] [I] Preview Features: Use default preview flags.
[08/21/2026-10:24:44] [I] MaxAuxStreams: -1
[08/21/2026-10:24:44] [I] BuilderOptimizationLevel: -1
[08/21/2026-10:24:44] [I] Calibration Profile Index: 0
[08/21/2026-10:24:44] [I] Weight Streaming: Disabled
[08/21/2026-10:24:44] [I] Runtime Platform: Same As Build
[08/21/2026-10:24:44] [I] Debug Tensors: 
[08/21/2026-10:24:44] [I] Input(s)s format: fp32:CHW
[08/21/2026-10:24:44] [I] Output(s)s format: fp32:CHW
[08/21/2026-10:24:44] [I] Input build shapes: model
[08/21/2026-10:24:44] [I] Input calibration shapes: model
[08/21/2026-10:24:44] [I] === System Options ===
[08/21/2026-10:24:44] [I] Device: 0
[08/21/2026-10:24:44] [I] DLACore: 
[08/21/2026-10:24:44] [I] Plugins:
[08/21/2026-10:24:44] [I] setPluginsToSerialize:
[08/21/2026-10:24:44] [I] dynamicPlugins:
[08/21/2026-10:24:44] [I] ignoreParsedPluginLibs: 0
[08/21/2026-10:24:44] [I] 
[08/21/2026-10:24:44] [I] === Inference Options ===
[08/21/2026-10:24:44] [I] Batch: Explicit
[08/21/2026-10:24:44] [I] Input inference shapes: model
[08/21/2026-10:24:44] [I] Iterations: 200
[08/21/2026-10:24:44] [I] Duration: 10s (+ 2000ms warm up)
[08/21/2026-10:24:44] [I] Sleep time: 0ms
[08/21/2026-10:24:44] [I] Idle time: 0ms
[08/21/2026-10:24:44] [I] Inference Streams: 1
[08/21/2026-10:24:44] [I] ExposeDMA: Disabled
[08/21/2026-10:24:44] [I] Data transfers: Enabled
[08/21/2026-10:24:44] [I] Spin-wait: Disabled
[08/21/2026-10:24:44] [I] Multithreading: Disabled
[08/21/2026-10:24:44] [I] CUDA Graph: Disabled
[08/21/2026-10:24:44] [I] Separate profiling: Disabled
[08/21/2026-10:24:44] [I] Time Deserialize: Disabled
[08/21/2026-10:24:44] [I] Time Refit: Disabled
[08/21/2026-10:24:44] [I] NVTX verbosity: 0
[08/21/2026-10:24:44] [I] Persistent Cache Ratio: 0
[08/21/2026-10:24:44] [I] Optimization Profile Index: 0
[08/21/2026-10:24:44] [I] Weight Streaming Budget: 100.000000%
[08/21/2026-10:24:44] [I] Inputs:
[08/21/2026-10:24:44] [I] Debug Tensor Save Destinations:
[08/21/2026-10:24:44] [I] === Reporting Options ===
[08/21/2026-10:24:44] [I] Verbose: Disabled
[08/21/2026-10:24:44] [I] Averages: 100 inferences
[08/21/2026-10:24:44] [I] Percentiles: 90,95,99
[08/21/2026-10:24:44] [I] Dump refittable layers:Disabled
[08/21/2026-10:24:44] [I] Dump output: Disabled
[08/21/2026-10:24:44] [I] Profile: Disabled
[08/21/2026-10:24:44] [I] Export timing to JSON file: 
[08/21/2026-10:24:44] [I] Export output to JSON file: 
[08/21/2026-10:24:44] [I] Export profile to JSON file: 
[08/21/2026-10:24:44] [I] 
[08/21/2026-10:24:44] [I] === Device Information ===
[08/21/2026-10:24:44] [I] Available Devices: 
[08/21/2026-10:24:44] [I]   Device 0: "Orin" UUID: GPU-d88f5124-b913-5174-bcad-9e3fe191d8a8
[08/21/2026-10:24:44] [I] Selected Device: Orin
[08/21/2026-10:24:44] [I] Selected Device ID: 0
[08/21/2026-10:24:44] [I] Selected Device UUID: GPU-d88f5124-b913-5174-bcad-9e3fe191d8a8
[08/21/2026-10:24:44] [I] Compute Capability: 8.7
[08/21/2026-10:24:44] [I] SMs: 16
[08/21/2026-10:24:44] [I] Device Global Memory: 62841 MiB
[08/21/2026-10:24:44] [I] Shared Memory per SM: 164 KiB
[08/21/2026-10:24:44] [I] Memory Bus Width: 256 bits (ECC disabled)
[08/21/2026-10:24:44] [I] Application Compute Clock Rate: 1.3 GHz
[08/21/2026-10:24:44] [I] Application Memory Clock Rate: 1.3 GHz
[08/21/2026-10:24:44] [I] 
[08/21/2026-10:24:44] [I] Note: The application clock rates do not reflect the actual clock rates that the GPU is currently running at.
[08/21/2026-10:24:44] [I] 
[08/21/2026-10:24:44] [I] TensorRT version: 10.3.0
[08/21/2026-10:24:44] [I] Loading standard plugins
[08/21/2026-10:24:44] [I] [TRT] [MemUsageChange] Init CUDA: CPU +2, GPU +0, now: CPU 31, GPU 8331 (MiB)
[08/21/2026-10:24:46] [I] [TRT] [MemUsageChange] Init builder kernel library: CPU +928, GPU +753, now: CPU 1002, GPU 9128 (MiB)
[08/21/2026-10:24:46] [I] Start parsing network model.
[08/21/2026-10:24:46] [I] [TRT] ----------------------------------------------------------------
[08/21/2026-10:24:46] [I] [TRT] Input filename:   /home/katech/orin_bench/onnx/detr_sim.onnx
[08/21/2026-10:24:46] [I] [TRT] ONNX IR version:  0.0.8
[08/21/2026-10:24:46] [I] [TRT] Opset version:    17
[08/21/2026-10:24:46] [I] [TRT] Producer name:    pytorch
[08/21/2026-10:24:46] [I] [TRT] Producer version: 2.11.0
[08/21/2026-10:24:46] [I] [TRT] Domain:           
[08/21/2026-10:24:46] [I] [TRT] Model version:    0
[08/21/2026-10:24:46] [I] [TRT] Doc string:       
[08/21/2026-10:24:46] [I] [TRT] ----------------------------------------------------------------
[08/21/2026-10:24:46] [I] Finished parsing network model. Parse time: 0.160894
[08/21/2026-10:24:46] [I] [TRT] Local timing cache in use. Profiling results in this builder pass will not be stored.
[08/21/2026-10:29:29] [I] [TRT] Detected 1 inputs and 4 output network tensors.
[08/21/2026-10:29:32] [I] [TRT] Total Host Persistent Memory: 334800
[08/21/2026-10:29:32] [I] [TRT] Total Device Persistent Memory: 14336
[08/21/2026-10:29:32] [I] [TRT] Total Scratch Memory: 27472384
[08/21/2026-10:29:32] [I] [TRT] [BlockAssignment] Started assigning block shifts. This will take 57 steps to complete.
[08/21/2026-10:29:32] [I] [TRT] [BlockAssignment] Algorithm ShiftNTopDown took 1.02819ms to assign 4 blocks to 57 nodes requiring 70249984 bytes.
[08/21/2026-10:29:32] [I] [TRT] Total Activation Memory: 70249984
[08/21/2026-10:29:32] [I] [TRT] Total Weights Memory: 83010432
[08/21/2026-10:29:32] [I] [TRT] Engine generation completed in 285.965 seconds.
[08/21/2026-10:29:32] [I] [TRT] [MemUsageStats] Peak memory usage of TRT CPU/GPU memory allocators: CPU 33 MiB, GPU 134 MiB
[08/21/2026-10:29:32] [I] [TRT] [MemUsageStats] Peak memory usage during Engine building and serialization: CPU: 3263 MiB
[08/21/2026-10:29:32] [I] Engine built in 286.098 sec.
[08/21/2026-10:29:32] [I] Created engine with size: 81.4332 MiB
[08/21/2026-10:29:32] [I] [TRT] Loaded engine size: 81 MiB
[08/21/2026-10:29:32] [I] Engine deserialized in 0.0729113 sec.
[08/21/2026-10:29:32] [I] [TRT] [MS] Running engine with multi stream info
[08/21/2026-10:29:32] [I] [TRT] [MS] Number of aux streams is 1
[08/21/2026-10:29:32] [I] [TRT] [MS] Number of total worker streams is 2
[08/21/2026-10:29:32] [I] [TRT] [MS] The main stream provided by execute/enqueue calls is the first worker stream
[08/21/2026-10:29:32] [I] [TRT] [MemUsageChange] TensorRT-managed allocation in IExecutionContext creation: CPU +0, GPU +67, now: CPU 0, GPU 146 (MiB)
[08/21/2026-10:29:32] [I] Setting persistentCacheLimit to 0 bytes.
[08/21/2026-10:29:32] [I] Created execution context with device memory size: 66.9956 MiB
[08/21/2026-10:29:32] [I] Using random values for input pixel_values
[08/21/2026-10:29:33] [I] Input binding for pixel_values with dimensions 1x3x800x1066 is created.
[08/21/2026-10:29:33] [I] Output binding for logits with dimensions 1x100x92 is created.
[08/21/2026-10:29:33] [I] Output binding for pred_boxes with dimensions 1x100x4 is created.
[08/21/2026-10:29:33] [I] Output binding for onnx::MatMul_3387 with dimensions 1x100x256 is created.
[08/21/2026-10:29:33] [I] Output binding for encoder_hidden_states with dimensions 1x850x256 is created.
[08/21/2026-10:29:33] [I] Starting inference
[08/21/2026-10:29:45] [I] Warmup completed 148 queries over 2000 ms
[08/21/2026-10:29:45] [I] Timing trace has 755 queries over 10.0388 s
[08/21/2026-10:29:45] [I] 
[08/21/2026-10:29:45] [I] === Trace details ===
[08/21/2026-10:29:45] [I] Trace averages of 100 runs:
[08/21/2026-10:29:45] [I] Average on 100 runs - GPU latency: 13.2744 ms - Host latency: 14.0583 ms (enqueue 2.62349 ms)
[08/21/2026-10:29:45] [I] Average on 100 runs - GPU latency: 13.2768 ms - Host latency: 14.0735 ms (enqueue 2.62423 ms)
[08/21/2026-10:29:45] [I] Average on 100 runs - GPU latency: 13.2752 ms - Host latency: 14.0738 ms (enqueue 2.61469 ms)
[08/21/2026-10:29:45] [I] Average on 100 runs - GPU latency: 13.2759 ms - Host latency: 14.0729 ms (enqueue 2.6198 ms)
[08/21/2026-10:29:45] [I] Average on 100 runs - GPU latency: 13.2715 ms - Host latency: 14.059 ms (enqueue 2.61945 ms)
[08/21/2026-10:29:45] [I] Average on 100 runs - GPU latency: 13.2769 ms - Host latency: 14.0752 ms (enqueue 2.61716 ms)
[08/21/2026-10:29:45] [I] Average on 100 runs - GPU latency: 13.2758 ms - Host latency: 14.0732 ms (enqueue 2.61408 ms)
[08/21/2026-10:29:45] [I] 
[08/21/2026-10:29:45] [I] === Performance summary ===
[08/21/2026-10:29:45] [I] Throughput: 75.2082 qps
[08/21/2026-10:29:45] [I] Latency: min = 14.001 ms, max = 14.176 ms, mean = 14.0691 ms, median = 14.0713 ms, percentile(90%) = 14.0989 ms, percentile(95%) = 14.1064 ms, percentile(99%) = 14.127 ms
[08/21/2026-10:29:45] [I] Enqueue Time: min = 2.48438 ms, max = 3.08496 ms, mean = 2.61855 ms, median = 2.61865 ms, percentile(90%) = 2.66479 ms, percentile(95%) = 2.67822 ms, percentile(99%) = 2.7373 ms
[08/21/2026-10:29:45] [I] H2D Latency: min = 0.659668 ms, max = 0.775146 ms, mean = 0.692576 ms, median = 0.696045 ms, percentile(90%) = 0.710938 ms, percentile(95%) = 0.716309 ms, percentile(99%) = 0.73291 ms
[08/21/2026-10:29:45] [I] GPU Compute Time: min = 13.2295 ms, max = 13.3616 ms, mean = 13.2752 ms, median = 13.2754 ms, percentile(90%) = 13.293 ms, percentile(95%) = 13.2969 ms, percentile(99%) = 13.3086 ms
[08/21/2026-10:29:45] [I] D2H Latency: min = 0.0361328 ms, max = 0.111328 ms, mean = 0.101357 ms, median = 0.103027 ms, percentile(90%) = 0.107422 ms, percentile(95%) = 0.108154 ms, percentile(99%) = 0.109375 ms
[08/21/2026-10:29:45] [I] Total Host Walltime: 10.0388 s
[08/21/2026-10:29:45] [I] Total GPU Compute Time: 10.0228 s
[08/21/2026-10:29:45] [I] Explanations of the performance metrics are printed in the verbose logs.
[08/21/2026-10:29:45] [I] 
&&&& PASSED TensorRT.trtexec [TensorRT v100300] # /usr/src/tensorrt/bin/trtexec --onnx=/home/katech/orin_bench/onnx/detr_sim.onnx --fp16 --saveEngine=/home/katech/orin_bench/engines/detr_gpu_fp16.plan --warmUp=2000 --duration=10 --iterations=200 --avgRuns=100
