$ /usr/src/tensorrt/bin/trtexec --onnx=/home/katech/orin_bench/onnx/detr_sim.onnx --saveEngine=/home/katech/orin_bench/engines/detr_gpu_fp32.plan --warmUp=2000 --duration=10 --iterations=200 --avgRuns=100
&&&& RUNNING TensorRT.trtexec [TensorRT v100300] # /usr/src/tensorrt/bin/trtexec --onnx=/home/katech/orin_bench/onnx/detr_sim.onnx --saveEngine=/home/katech/orin_bench/engines/detr_gpu_fp32.plan --warmUp=2000 --duration=10 --iterations=200 --avgRuns=100
[08/21/2026-10:22:05] [I] === Model Options ===
[08/21/2026-10:22:05] [I] Format: ONNX
[08/21/2026-10:22:05] [I] Model: /home/katech/orin_bench/onnx/detr_sim.onnx
[08/21/2026-10:22:05] [I] Output:
[08/21/2026-10:22:05] [I] === Build Options ===
[08/21/2026-10:22:05] [I] Memory Pools: workspace: default, dlaSRAM: default, dlaLocalDRAM: default, dlaGlobalDRAM: default, tacticSharedMem: default
[08/21/2026-10:22:05] [I] avgTiming: 8
[08/21/2026-10:22:05] [I] Precision: FP32
[08/21/2026-10:22:05] [I] LayerPrecisions: 
[08/21/2026-10:22:05] [I] Layer Device Types: 
[08/21/2026-10:22:05] [I] Calibration: 
[08/21/2026-10:22:05] [I] Refit: Disabled
[08/21/2026-10:22:05] [I] Strip weights: Disabled
[08/21/2026-10:22:05] [I] Version Compatible: Disabled
[08/21/2026-10:22:05] [I] ONNX Plugin InstanceNorm: Disabled
[08/21/2026-10:22:05] [I] TensorRT runtime: full
[08/21/2026-10:22:05] [I] Lean DLL Path: 
[08/21/2026-10:22:05] [I] Tempfile Controls: { in_memory: allow, temporary: allow }
[08/21/2026-10:22:05] [I] Exclude Lean Runtime: Disabled
[08/21/2026-10:22:05] [I] Sparsity: Disabled
[08/21/2026-10:22:05] [I] Safe mode: Disabled
[08/21/2026-10:22:05] [I] Build DLA standalone loadable: Disabled
[08/21/2026-10:22:05] [I] Allow GPU fallback for DLA: Disabled
[08/21/2026-10:22:05] [I] DirectIO mode: Disabled
[08/21/2026-10:22:05] [I] Restricted mode: Disabled
[08/21/2026-10:22:05] [I] Skip inference: Disabled
[08/21/2026-10:22:05] [I] Save engine: /home/katech/orin_bench/engines/detr_gpu_fp32.plan
[08/21/2026-10:22:05] [I] Load engine: 
[08/21/2026-10:22:05] [I] Profiling verbosity: 0
[08/21/2026-10:22:05] [I] Tactic sources: Using default tactic sources
[08/21/2026-10:22:05] [I] timingCacheMode: local
[08/21/2026-10:22:05] [I] timingCacheFile: 
[08/21/2026-10:22:05] [I] Enable Compilation Cache: Enabled
[08/21/2026-10:22:05] [I] errorOnTimingCacheMiss: Disabled
[08/21/2026-10:22:05] [I] Preview Features: Use default preview flags.
[08/21/2026-10:22:05] [I] MaxAuxStreams: -1
[08/21/2026-10:22:05] [I] BuilderOptimizationLevel: -1
[08/21/2026-10:22:05] [I] Calibration Profile Index: 0
[08/21/2026-10:22:05] [I] Weight Streaming: Disabled
[08/21/2026-10:22:05] [I] Runtime Platform: Same As Build
[08/21/2026-10:22:05] [I] Debug Tensors: 
[08/21/2026-10:22:05] [I] Input(s)s format: fp32:CHW
[08/21/2026-10:22:05] [I] Output(s)s format: fp32:CHW
[08/21/2026-10:22:05] [I] Input build shapes: model
[08/21/2026-10:22:05] [I] Input calibration shapes: model
[08/21/2026-10:22:05] [I] === System Options ===
[08/21/2026-10:22:05] [I] Device: 0
[08/21/2026-10:22:05] [I] DLACore: 
[08/21/2026-10:22:05] [I] Plugins:
[08/21/2026-10:22:05] [I] setPluginsToSerialize:
[08/21/2026-10:22:05] [I] dynamicPlugins:
[08/21/2026-10:22:05] [I] ignoreParsedPluginLibs: 0
[08/21/2026-10:22:05] [I] 
[08/21/2026-10:22:05] [I] === Inference Options ===
[08/21/2026-10:22:05] [I] Batch: Explicit
[08/21/2026-10:22:05] [I] Input inference shapes: model
[08/21/2026-10:22:05] [I] Iterations: 200
[08/21/2026-10:22:05] [I] Duration: 10s (+ 2000ms warm up)
[08/21/2026-10:22:05] [I] Sleep time: 0ms
[08/21/2026-10:22:05] [I] Idle time: 0ms
[08/21/2026-10:22:05] [I] Inference Streams: 1
[08/21/2026-10:22:05] [I] ExposeDMA: Disabled
[08/21/2026-10:22:05] [I] Data transfers: Enabled
[08/21/2026-10:22:05] [I] Spin-wait: Disabled
[08/21/2026-10:22:05] [I] Multithreading: Disabled
[08/21/2026-10:22:05] [I] CUDA Graph: Disabled
[08/21/2026-10:22:05] [I] Separate profiling: Disabled
[08/21/2026-10:22:05] [I] Time Deserialize: Disabled
[08/21/2026-10:22:05] [I] Time Refit: Disabled
[08/21/2026-10:22:05] [I] NVTX verbosity: 0
[08/21/2026-10:22:05] [I] Persistent Cache Ratio: 0
[08/21/2026-10:22:05] [I] Optimization Profile Index: 0
[08/21/2026-10:22:05] [I] Weight Streaming Budget: 100.000000%
[08/21/2026-10:22:05] [I] Inputs:
[08/21/2026-10:22:05] [I] Debug Tensor Save Destinations:
[08/21/2026-10:22:05] [I] === Reporting Options ===
[08/21/2026-10:22:05] [I] Verbose: Disabled
[08/21/2026-10:22:05] [I] Averages: 100 inferences
[08/21/2026-10:22:05] [I] Percentiles: 90,95,99
[08/21/2026-10:22:05] [I] Dump refittable layers:Disabled
[08/21/2026-10:22:05] [I] Dump output: Disabled
[08/21/2026-10:22:05] [I] Profile: Disabled
[08/21/2026-10:22:05] [I] Export timing to JSON file: 
[08/21/2026-10:22:05] [I] Export output to JSON file: 
[08/21/2026-10:22:05] [I] Export profile to JSON file: 
[08/21/2026-10:22:05] [I] 
[08/21/2026-10:22:05] [I] === Device Information ===
[08/21/2026-10:22:05] [I] Available Devices: 
[08/21/2026-10:22:05] [I]   Device 0: "Orin" UUID: GPU-d88f5124-b913-5174-bcad-9e3fe191d8a8
[08/21/2026-10:22:05] [I] Selected Device: Orin
[08/21/2026-10:22:05] [I] Selected Device ID: 0
[08/21/2026-10:22:05] [I] Selected Device UUID: GPU-d88f5124-b913-5174-bcad-9e3fe191d8a8
[08/21/2026-10:22:05] [I] Compute Capability: 8.7
[08/21/2026-10:22:05] [I] SMs: 16
[08/21/2026-10:22:05] [I] Device Global Memory: 62841 MiB
[08/21/2026-10:22:05] [I] Shared Memory per SM: 164 KiB
[08/21/2026-10:22:05] [I] Memory Bus Width: 256 bits (ECC disabled)
[08/21/2026-10:22:05] [I] Application Compute Clock Rate: 1.3 GHz
[08/21/2026-10:22:05] [I] Application Memory Clock Rate: 1.3 GHz
[08/21/2026-10:22:05] [I] 
[08/21/2026-10:22:05] [I] Note: The application clock rates do not reflect the actual clock rates that the GPU is currently running at.
[08/21/2026-10:22:05] [I] 
[08/21/2026-10:22:05] [I] TensorRT version: 10.3.0
[08/21/2026-10:22:05] [I] Loading standard plugins
[08/21/2026-10:22:06] [I] [TRT] [MemUsageChange] Init CUDA: CPU +2, GPU +0, now: CPU 31, GPU 4855 (MiB)
[08/21/2026-10:22:07] [I] [TRT] [MemUsageChange] Init builder kernel library: CPU +928, GPU +753, now: CPU 1002, GPU 5653 (MiB)
[08/21/2026-10:22:07] [I] Start parsing network model.
[08/21/2026-10:22:07] [I] [TRT] ----------------------------------------------------------------
[08/21/2026-10:22:07] [I] [TRT] Input filename:   /home/katech/orin_bench/onnx/detr_sim.onnx
[08/21/2026-10:22:07] [I] [TRT] ONNX IR version:  0.0.8
[08/21/2026-10:22:07] [I] [TRT] Opset version:    17
[08/21/2026-10:22:07] [I] [TRT] Producer name:    pytorch
[08/21/2026-10:22:07] [I] [TRT] Producer version: 2.11.0
[08/21/2026-10:22:07] [I] [TRT] Domain:           
[08/21/2026-10:22:07] [I] [TRT] Model version:    0
[08/21/2026-10:22:07] [I] [TRT] Doc string:       
[08/21/2026-10:22:07] [I] [TRT] ----------------------------------------------------------------
[08/21/2026-10:22:07] [I] Finished parsing network model. Parse time: 0.149942
[08/21/2026-10:22:07] [I] [TRT] Local timing cache in use. Profiling results in this builder pass will not be stored.
[08/21/2026-10:24:30] [I] [TRT] Detected 1 inputs and 4 output network tensors.
[08/21/2026-10:24:31] [I] [TRT] Total Host Persistent Memory: 320064
[08/21/2026-10:24:31] [I] [TRT] Total Device Persistent Memory: 0
[08/21/2026-10:24:31] [I] [TRT] Total Scratch Memory: 50592256
[08/21/2026-10:24:31] [I] [TRT] [BlockAssignment] Started assigning block shifts. This will take 67 steps to complete.
[08/21/2026-10:24:31] [I] [TRT] [BlockAssignment] Algorithm ShiftNTopDown took 1.28112ms to assign 4 blocks to 67 nodes requiring 143564800 bytes.
[08/21/2026-10:24:31] [I] [TRT] Total Activation Memory: 143564800
[08/21/2026-10:24:31] [I] [TRT] Total Weights Memory: 165993984
[08/21/2026-10:24:31] [I] [TRT] Engine generation completed in 143.895 seconds.
[08/21/2026-10:24:31] [I] [TRT] [MemUsageStats] Peak memory usage of TRT CPU/GPU memory allocators: CPU 9 MiB, GPU 194 MiB
[08/21/2026-10:24:31] [I] [TRT] [MemUsageStats] Peak memory usage during Engine building and serialization: CPU: 1937 MiB
[08/21/2026-10:24:31] [I] Engine built in 144.068 sec.
[08/21/2026-10:24:31] [I] Created engine with size: 160.12 MiB
[08/21/2026-10:24:32] [I] [TRT] Loaded engine size: 160 MiB
[08/21/2026-10:24:32] [I] Engine deserialized in 0.111033 sec.
[08/21/2026-10:24:32] [I] [TRT] [MS] Running engine with multi stream info
[08/21/2026-10:24:32] [I] [TRT] [MS] Number of aux streams is 1
[08/21/2026-10:24:32] [I] [TRT] [MS] Number of total worker streams is 2
[08/21/2026-10:24:32] [I] [TRT] [MS] The main stream provided by execute/enqueue calls is the first worker stream
[08/21/2026-10:24:32] [I] [TRT] [MemUsageChange] TensorRT-managed allocation in IExecutionContext creation: CPU +0, GPU +137, now: CPU 0, GPU 295 (MiB)
[08/21/2026-10:24:32] [I] Setting persistentCacheLimit to 0 bytes.
[08/21/2026-10:24:32] [I] Created execution context with device memory size: 136.914 MiB
[08/21/2026-10:24:32] [I] Using random values for input pixel_values
[08/21/2026-10:24:32] [I] Input binding for pixel_values with dimensions 1x3x800x1066 is created.
[08/21/2026-10:24:32] [I] Output binding for logits with dimensions 1x100x92 is created.
[08/21/2026-10:24:32] [I] Output binding for pred_boxes with dimensions 1x100x4 is created.
[08/21/2026-10:24:32] [I] Output binding for onnx::MatMul_3387 with dimensions 1x100x256 is created.
[08/21/2026-10:24:32] [I] Output binding for encoder_hidden_states with dimensions 1x850x256 is created.
[08/21/2026-10:24:32] [I] Starting inference
[08/21/2026-10:24:44] [I] Warmup completed 76 queries over 2000 ms
[08/21/2026-10:24:44] [I] Timing trace has 389 queries over 10.0842 s
[08/21/2026-10:24:44] [I] 
[08/21/2026-10:24:44] [I] === Trace details ===
[08/21/2026-10:24:44] [I] Trace averages of 100 runs:
[08/21/2026-10:24:44] [I] Average on 100 runs - GPU latency: 25.8717 ms - Host latency: 26.4442 ms (enqueue 2.82039 ms)
[08/21/2026-10:24:44] [I] Average on 100 runs - GPU latency: 25.853 ms - Host latency: 26.4235 ms (enqueue 2.78161 ms)
[08/21/2026-10:24:44] [I] Average on 100 runs - GPU latency: 25.8472 ms - Host latency: 26.4177 ms (enqueue 2.78759 ms)
[08/21/2026-10:24:44] [I] 
[08/21/2026-10:24:44] [I] === Performance summary ===
[08/21/2026-10:24:44] [I] Throughput: 38.5752 qps
[08/21/2026-10:24:44] [I] Latency: min = 26.334 ms, max = 26.6887 ms, mean = 26.4243 ms, median = 26.4199 ms, percentile(90%) = 26.4658 ms, percentile(95%) = 26.4785 ms, percentile(99%) = 26.5632 ms
[08/21/2026-10:24:44] [I] Enqueue Time: min = 2.07104 ms, max = 3.51538 ms, mean = 2.79061 ms, median = 2.78418 ms, percentile(90%) = 2.84229 ms, percentile(95%) = 2.87988 ms, percentile(99%) = 3.32153 ms
[08/21/2026-10:24:44] [I] H2D Latency: min = 0.484619 ms, max = 0.525635 ms, mean = 0.493657 ms, median = 0.492188 ms, percentile(90%) = 0.5 ms, percentile(95%) = 0.506836 ms, percentile(99%) = 0.513672 ms
[08/21/2026-10:24:44] [I] GPU Compute Time: min = 25.7725 ms, max = 26.0974 ms, mean = 25.8539 ms, median = 25.8496 ms, percentile(90%) = 25.894 ms, percentile(95%) = 25.915 ms, percentile(99%) = 25.9761 ms
[08/21/2026-10:24:44] [I] D2H Latency: min = 0.0351562 ms, max = 0.0859375 ms, mean = 0.076776 ms, median = 0.0771484 ms, percentile(90%) = 0.0810547 ms, percentile(95%) = 0.0820312 ms, percentile(99%) = 0.0830078 ms
[08/21/2026-10:24:44] [I] Total Host Walltime: 10.0842 s
[08/21/2026-10:24:44] [I] Total GPU Compute Time: 10.0572 s
[08/21/2026-10:24:44] [I] Explanations of the performance metrics are printed in the verbose logs.
[08/21/2026-10:24:44] [I] 
&&&& PASSED TensorRT.trtexec [TensorRT v100300] # /usr/src/tensorrt/bin/trtexec --onnx=/home/katech/orin_bench/onnx/detr_sim.onnx --saveEngine=/home/katech/orin_bench/engines/detr_gpu_fp32.plan --warmUp=2000 --duration=10 --iterations=200 --avgRuns=100
